Archive member included to satisfy reference by file (symbol)

c:/program files (x86)/gnu arm embedded toolchain/10 2020-q4-major/bin/../lib/gcc/arm-none-eabi/10.2.1/../../../../arm-none-eabi/lib/thumb/v6-m/nofp\libc_nano.a(lib_a-impure.o)
                              obj/SDK_EVAL_Com.o (_impure_ptr)
c:/program files (x86)/gnu arm embedded toolchain/10 2020-q4-major/bin/../lib/gcc/arm-none-eabi/10.2.1/../../../../arm-none-eabi/lib/thumb/v6-m/nofp\libc_nano.a(lib_a-memcmp.o)
                              obj/osal.o (memcmp)
c:/program files (x86)/gnu arm embedded toolchain/10 2020-q4-major/bin/../lib/gcc/arm-none-eabi/10.2.1/../../../../arm-none-eabi/lib/thumb/v6-m/nofp\libc_nano.a(lib_a-memcpy-stub.o)
                              obj/BlueNRG1_timer.o (memcpy)
c:/program files (x86)/gnu arm embedded toolchain/10 2020-q4-major/bin/../lib/gcc/arm-none-eabi/10.2.1/../../../../arm-none-eabi/lib/thumb/v6-m/nofp\libc_nano.a(lib_a-memset.o)
                              obj/osal.o (memset)
c:/program files (x86)/gnu arm embedded toolchain/10 2020-q4-major/bin/../lib/gcc/arm-none-eabi/10.2.1/../../../../arm-none-eabi/lib/thumb/v6-m/nofp\libc_nano.a(lib_a-reent.o)
                              obj/SDK_EVAL_Com.o (errno)
c:/program files (x86)/gnu arm embedded toolchain/10 2020-q4-major/bin/../lib/gcc/arm-none-eabi/10.2.1/../../../../arm-none-eabi/lib/thumb/v6-m/nofp\libc_nano.a(lib_a-setvbuf.o)
                              obj/SDK_EVAL_Com.o (setvbuf)
c:/program files (x86)/gnu arm embedded toolchain/10 2020-q4-major/bin/../lib/gcc/arm-none-eabi/10.2.1/../../../../arm-none-eabi/lib/thumb/v6-m/nofp\libc_nano.a(lib_a-strlen.o)
                              obj/AT.o (strlen)
c:/program files (x86)/gnu arm embedded toolchain/10 2020-q4-major/bin/../lib/gcc/arm-none-eabi/10.2.1/../../../../arm-none-eabi/lib/thumb/v6-m/nofp\libc_nano.a(lib_a-vsprintf.o)
                              obj/AT.o (vsprintf)
c:/program files (x86)/gnu arm embedded toolchain/10 2020-q4-major/bin/../lib/gcc/arm-none-eabi/10.2.1/../../../../arm-none-eabi/lib/thumb/v6-m/nofp\libc_nano.a(lib_a-fflush.o)
                              c:/program files (x86)/gnu arm embedded toolchain/10 2020-q4-major/bin/../lib/gcc/arm-none-eabi/10.2.1/../../../../arm-none-eabi/lib/thumb/v6-m/nofp\libc_nano.a(lib_a-setvbuf.o) (_fflush_r)
c:/program files (x86)/gnu arm embedded toolchain/10 2020-q4-major/bin/../lib/gcc/arm-none-eabi/10.2.1/../../../../arm-none-eabi/lib/thumb/v6-m/nofp\libc_nano.a(lib_a-findfp.o)
                              c:/program files (x86)/gnu arm embedded toolchain/10 2020-q4-major/bin/../lib/gcc/arm-none-eabi/10.2.1/../../../../arm-none-eabi/lib/thumb/v6-m/nofp\libc_nano.a(lib_a-setvbuf.o) (__sinit)
c:/program files (x86)/gnu arm embedded toolchain/10 2020-q4-major/bin/../lib/gcc/arm-none-eabi/10.2.1/../../../../arm-none-eabi/lib/thumb/v6-m/nofp\libc_nano.a(lib_a-fwalk.o)
                              c:/program files (x86)/gnu arm embedded toolchain/10 2020-q4-major/bin/../lib/gcc/arm-none-eabi/10.2.1/../../../../arm-none-eabi/lib/thumb/v6-m/nofp\libc_nano.a(lib_a-findfp.o) (_fwalk)
c:/program files (x86)/gnu arm embedded toolchain/10 2020-q4-major/bin/../lib/gcc/arm-none-eabi/10.2.1/../../../../arm-none-eabi/lib/thumb/v6-m/nofp\libc_nano.a(lib_a-lock.o)
                              c:/program files (x86)/gnu arm embedded toolchain/10 2020-q4-major/bin/../lib/gcc/arm-none-eabi/10.2.1/../../../../arm-none-eabi/lib/thumb/v6-m/nofp\libc_nano.a(lib_a-findfp.o) (__retarget_lock_init_recursive)
c:/program files (x86)/gnu arm embedded toolchain/10 2020-q4-major/bin/../lib/gcc/arm-none-eabi/10.2.1/../../../../arm-none-eabi/lib/thumb/v6-m/nofp\libc_nano.a(lib_a-makebuf.o)
                              c:/program files (x86)/gnu arm embedded toolchain/10 2020-q4-major/bin/../lib/gcc/arm-none-eabi/10.2.1/../../../../arm-none-eabi/lib/thumb/v6-m/nofp\libc_nano.a(lib_a-setvbuf.o) (__swhatbuf_r)
c:/program files (x86)/gnu arm embedded toolchain/10 2020-q4-major/bin/../lib/gcc/arm-none-eabi/10.2.1/../../../../arm-none-eabi/lib/thumb/v6-m/nofp\libc_nano.a(lib_a-malloc.o)
                              c:/program files (x86)/gnu arm embedded toolchain/10 2020-q4-major/bin/../lib/gcc/arm-none-eabi/10.2.1/../../../../arm-none-eabi/lib/thumb/v6-m/nofp\libc_nano.a(lib_a-setvbuf.o) (malloc)
c:/program files (x86)/gnu arm embedded toolchain/10 2020-q4-major/bin/../lib/gcc/arm-none-eabi/10.2.1/../../../../arm-none-eabi/lib/thumb/v6-m/nofp\libc_nano.a(lib_a-nano-freer.o)
                              c:/program files (x86)/gnu arm embedded toolchain/10 2020-q4-major/bin/../lib/gcc/arm-none-eabi/10.2.1/../../../../arm-none-eabi/lib/thumb/v6-m/nofp\libc_nano.a(lib_a-reent.o) (_free_r)
c:/program files (x86)/gnu arm embedded toolchain/10 2020-q4-major/bin/../lib/gcc/arm-none-eabi/10.2.1/../../../../arm-none-eabi/lib/thumb/v6-m/nofp\libc_nano.a(lib_a-nano-mallocr.o)
[...]
Memory Configuration

Name             Origin             Length             Attributes
REGION_RAM       0x20000000         0x00006000         xrw
REGION_FLASH_BOOTLOADER 0x10040000         0x00000000         xr
REGION_FLASH     0x10040000         0x00027000         xr
REGION_NVM       0x10067000         0x00001000         xr
REGION_ROM       0x10000000         0x00000800         xr
*default*        0x00000000         0xffffffff

Linker script and memory map

LOAD obj/BlueNRG1_it.o
LOAD obj/main.o
LOAD obj/BlueNRG1_adc.o
LOAD obj/BlueNRG1_dma.o
LOAD obj/BlueNRG1_flash.o
LOAD obj/BlueNRG1_gpio.o
LOAD obj/BlueNRG1_i2c.o
LOAD obj/BlueNRG1_mft.o
LOAD obj/BlueNRG1_pka.o
LOAD obj/BlueNRG1_radio.o
LOAD obj/BlueNRG1_rng.o
LOAD obj/BlueNRG1_rtc.o
LOAD obj/BlueNRG1_spi.o
LOAD obj/BlueNRG1_sysCtrl.o
LOAD obj/BlueNRG1_timer.o
LOAD obj/BlueNRG1_uart.o
LOAD obj/BlueNRG1_wdg.o
LOAD obj/clock.o
LOAD obj/misc.o
LOAD obj/miscutil.o
LOAD obj/osal.o
LOAD obj/SDK_EVAL_Com.o
LOAD obj/sleep.o
LOAD obj/stack_user_cfg.o
LOAD obj/system_bluenrg1.o
LOAD obj/AT.o
LOAD obj/Bluetooth.o
LOAD obj/maincpp.o
LOAD precompiled/context_switch.o
                0x00000080                malloc_getpagesize_P = 0x80
START GROUP
LOAD c:/program files (x86)/gnu arm embedded toolchain/10 2020-q4-major/bin/../lib/gcc/arm-none-eabi/10.2.1/../../../../arm-none-eabi/lib/thumb/v6-m/nofp\libc_nano.a
LOAD c:/program files (x86)/gnu arm embedded toolchain/10 2020-q4-major/bin/../lib/gcc/arm-none-eabi/10.2.1/../../../../arm-none-eabi/lib/thumb/v6-m/nofp\libm.a
END GROUP
LOAD ./assembly\libbluenrg1_stack.a
LOAD ./assembly\libcrypto.a
                0x20000000                _MEMORY_RAM_BEGIN_ = 0x20000000
                0x00006000                _MEMORY_RAM_SIZE_ = 0x6000
                0x20005fff                _MEMORY_RAM_END_ = 0x20005fff
                0x10040000                _MEMORY_FLASH_BEGIN_ = 0x10040000
                0x00028000                _MEMORY_FLASH_SIZE_ = 0x28000
                0x10067fff                _MEMORY_FLASH_END_ = 0x10067fff
                0x10000000                _MEMORY_ROM_BEGIN_ = 0x10000000
                0x00000800                _MEMORY_ROM_SIZE_ = 0x800
                0x100007ff                _MEMORY_ROM_END_ = 0x100007ff
                0x00001000                FLASH_NVM_DATASIZE = 0x1000
                0x00000000                MEMORY_FLASH_APP_OFFSET = DEFINED (MEMORY_FLASH_APP_OFFSET)?MEMORY_FLASH_APP_OFFSET:0x0
                0x00027000                MEMORY_FLASH_APP_SIZE = DEFINED (MEMORY_FLASH_APP_SIZE)?MEMORY_FLASH_APP_SIZE:((_MEMORY_FLASH_SIZE_ - FLASH_NVM_DATASIZE) - MEMORY_FLASH_APP_OFFSET)
                0x000002cc                MEMORY_RAM_APP_OFFSET = DEFINED (MEMORY_RAM_APP_OFFSET)?MEMORY_RAM_APP_OFFSET:0x2cc
                0x00000800                RESET_MANAGER_SIZE = DEFINED (RESET_MANAGER_SIZE)?RESET_MANAGER_SIZE:0x800
                0x00027000                MEMORY_FLASH_APP_SIZE = DEFINED (ST_OTA_HIGHER_APPLICATION)?(((((_MEMORY_FLASH_SIZE_ - RESET_MANAGER_SIZE) - FLASH_NVM_DATASIZE) / 0x2) / 0x800) * 0x800):MEMORY_FLASH_APP_SIZE
                0x00000000                MEMORY_FLASH_APP_OFFSET = DEFINED (ST_OTA_HIGHER_APPLICATION)?(RESET_MANAGER_SIZE + MEMORY_FLASH_APP_SIZE):MEMORY_FLASH_APP_OFFSET
                0x00027000                MEMORY_FLASH_APP_SIZE = DEFINED (ST_OTA_LOWER_APPLICATION)?(((((_MEMORY_FLASH_SIZE_ - RESET_MANAGER_SIZE) - FLASH_NVM_DATASIZE) / 0x2) / 0x800) * 0x800):MEMORY_FLASH_APP_SIZE
                0x00000000                MEMORY_FLASH_APP_OFFSET = DEFINED (ST_OTA_LOWER_APPLICATION)?RESET_MANAGER_SIZE:MEMORY_FLASH_APP_OFFSET
                0x00011000                SERVICE_MANAGER_SIZE = 0x11000
                0x00027000                MEMORY_FLASH_APP_SIZE = DEFINED (ST_USE_OTA_SERVICE_MANAGER_APPLICATION)?((_MEMORY_FLASH_SIZE_ - SERVICE_MANAGER_SIZE) - FLASH_NVM_DATASIZE):MEMORY_FLASH_APP_SIZE
                0x00000000                MEMORY_FLASH_APP_OFFSET = DEFINED (ST_USE_OTA_SERVICE_MANAGER_APPLICATION)?SERVICE_MANAGER_SIZE:MEMORY_FLASH_APP_OFFSET
                0x00000000                _Min_Heap_Size = 0x0
                0x00000c00                _Min_Stack_Size = 0xc00

.bootloader     0x10040000        0x0
                0x10040000                . = ALIGN (0x4)
 *(.bootloader)
                0x10040000                . = ALIGN (0x4)

.intvec         0x10040000       0xc0
                0x10040000                . = ALIGN (0x4)
 *(.intvec)
 .intvec        0x10040000       0xc0 obj/system_bluenrg1.o
                0x10040000                __vector_table
                0x100400c0                . = ALIGN (0x4)

.text           0x100400c0    0x11364
                0x100400c0                . = ALIGN (0x4)
 *(.cmd_call_table)
 *(.text)
 .text          0x100400c0       0x9c precompiled/context_switch.o
                0x100400c0                CS_contextSave
                0x10040112                CS_contextRestore
 .text          0x1004015c        0xe c:/program files (x86)/gnu arm embedded toolchain/10 2020-q4-major/bin/../lib/gcc/arm-none-eabi/10.2.1/../../../../arm-none-eabi/lib/thumb/v6-m/nofp\libc_nano.a(lib_a-strlen.o)
                0x1004015c                strlen
 *fill*         0x1004016a        0x2 
 .text          0x1004016c       0x14 c:/program files (x86)/gnu arm embedded toolchain/10 2020-q4-major/bin/../lib/gcc/arm-none-eabi/10.2.1/thumb/v6-m/nofp\libgcc.a(_thumb1_case_shi.o)
                0x1004016c                __gnu_thumb1_case_shi
 .text          0x10040180      0x114 c:/program files (x86)/gnu arm embedded toolchain/10 2020-q4-major/bin/../lib/gcc/arm-none-eabi/10.2.1/thumb/v6-m/nofp\libgcc.a(_udivsi3.o)
                0x10040180                __aeabi_uidiv
                0x10040180                __udivsi3
                0x1004028c                __aeabi_uidivmod
 .text          0x10040294        0x4 c:/program files (x86)/gnu arm embedded toolchain/10 2020-q4-major/bin/../lib/gcc/arm-none-eabi/10.2.1/thumb/v6-m/nofp\libgcc.a(_dvmd_tls.o)
                0x10040294                __aeabi_idiv0
                0x10040294                __aeabi_ldiv0
 .text          0x10040298       0x7c c:/program files (x86)/gnu arm embedded toolchain/10 2020-q4-major/bin/../lib/gcc/arm-none-eabi/10.2.1/thumb/v6-m/nofp\libgcc.a(unaligned-funcs.o)
                0x10040298                __aeabi_uread4
                0x100402b0                __aeabi_uwrite4
                0x100402c4                __aeabi_uread8
                0x100402f4                __aeabi_uwrite8
 .text          0x10040314      0xa30 c:/program files (x86)/gnu arm embedded toolchain/10 2020-q4-major/bin/../lib/gcc/arm-none-eabi/10.2.1/thumb/v6-m/nofp\libgcc.a(unwind-arm.o)
                0x100405e0                _Unwind_GetCFA
                0x100405e4                __gnu_Unwind_RaiseException
                0x10040638                __gnu_Unwind_ForcedUnwind
                0x1004064c                __gnu_Unwind_Resume
                0x10040694                __gnu_Unwind_Resume_or_Rethrow
                0x100406b0                _Unwind_Complete
                0x100406b4                _Unwind_DeleteException
                0x100406c4                _Unwind_VRS_Get
                0x10040710                _Unwind_VRS_Set
                0x1004075c                __gnu_Unwind_Backtrace
                0x10040ab8                __aeabi_unwind_cpp_pr0
                0x10040ac4                __aeabi_unwind_cpp_pr1
                0x10040ad0                __aeabi_unwind_cpp_pr2
                0x10040adc                _Unwind_VRS_Pop
 .text          0x10040d44      0x144 c:/program files (x86)/gnu arm embedded toolchain/10 2020-q4-major/bin/../lib/gcc/arm-none-eabi/10.2.1/thumb/v6-m/nofp\libgcc.a(libunwind.o)
                0x10040d44                __restore_core_regs
                0x10040d44                restore_core_regs
                0x10040d70                __gnu_Unwind_Restore_VFP
                0x10040d74                __gnu_Unwind_Save_VFP
                0x10040d78                __gnu_Unwind_Restore_VFP_D
                0x10040d7c                __gnu_Unwind_Save_VFP_D
                0x10040d80                __gnu_Unwind_Restore_VFP_D_16_to_31
                0x10040d84                __gnu_Unwind_Save_VFP_D_16_to_31
                0x10040d88                __gnu_Unwind_Restore_WMMXD
                0x10040d8c                __gnu_Unwind_Save_WMMXD
                0x10040d90                __gnu_Unwind_Restore_WMMXC
                0x10040d94                __gnu_Unwind_Save_WMMXC
                0x10040d98                ___Unwind_RaiseException
                0x10040d98                _Unwind_RaiseException
                0x10040dc8                _Unwind_Resume
                0x10040dc8                ___Unwind_Resume
                0x10040df8                _Unwind_Resume_or_Rethrow
                0x10040df8                ___Unwind_Resume_or_Rethrow
                0x10040e28                _Unwind_ForcedUnwind
                0x10040e28                ___Unwind_ForcedUnwind
                0x10040e58                ___Unwind_Backtrace
                0x10040e58                _Unwind_Backtrace
 .text          0x10040e88      0x38c c:/program files (x86)/gnu arm embedded toolchain/10 2020-q4-major/bin/../lib/gcc/arm-none-eabi/10.2.1/thumb/v6-m/nofp\libgcc.a(pr-support.o)
                0x10040edc                __gnu_unwind_execute
                0x100411cc                __gnu_unwind_frame
                0x100411f4                _Unwind_GetRegionStart
                0x10041200                _Unwind_GetLanguageSpecificData
 *(.text*)
 .text.NMI_Handler
                0x10041214        0x2 obj/BlueNRG1_it.o
                0x10041214                NMI_Handler
 .text.HardFault_Handler
                0x10041216        0x2 obj/BlueNRG1_it.o
                0x10041216                HardFault_Handler
 .text.SVC_Handler
                0x10041218        0x2 obj/BlueNRG1_it.o
                0x10041218                SVC_Handler
 .text.SysTick_Handler
                0x1004121a        0x8 obj/BlueNRG1_it.o
                0x1004121a                SysTick_Handler
 .text.GPIO_Handler
                0x10041222        0x2 obj/BlueNRG1_it.o
                0x10041222                GPIO_Handler
 .text.UART_Handler
                0x10041224        0x2 obj/BlueNRG1_it.o
                0x10041224                UART_Handler
 .text.Blue_Handler
                0x10041226        0x8 obj/BlueNRG1_it.o
                0x10041226                Blue_Handler
 .text.main     0x1004122e        0xa obj/main.o
                0x1004122e                main
 .text.FLASH_WaitCmdDone
                0x10041238       0x10 obj/BlueNRG1_flash.o
                0x10041238                FLASH_WaitCmdDone
 .text.FLASH_ErasePage
                0x10041248       0x30 obj/BlueNRG1_flash.o
                0x10041248                FLASH_ErasePage
 .text.FLASH_ProgramWord
                0x10041278       0x30 obj/BlueNRG1_flash.o
                0x10041278                FLASH_ProgramWord
 .text.GPIO_Init
                0x100412a8       0xbe obj/BlueNRG1_gpio.o
                0x100412a8                GPIO_Init
 .text.PKA_Reset
                0x10041366       0x16 obj/BlueNRG1_pka.o
                0x10041366                PKA_Reset
 .text.SysCtrl_PeripheralClockCmd
                0x1004137c       0x1c obj/BlueNRG1_sysCtrl.o
                0x1004137c                SysCtrl_PeripheralClockCmd
 .text.SysCtrl_GetWakeupResetReason
                0x10041398       0xfc obj/BlueNRG1_sysCtrl.o
                0x10041398                SysCtrl_GetWakeupResetReason
 .text.UART_Cmd
                0x10041494       0x20 obj/BlueNRG1_uart.o
                0x10041494                UART_Cmd
 .text.UART_Init
                0x100414b4      0x174 obj/BlueNRG1_uart.o
                0x100414b4                UART_Init
 .text.UART_SendData
                0x10041628       0x10 obj/BlueNRG1_uart.o
                0x10041628                UART_SendData
 .text.UART_GetFlagStatus
                0x10041638       0x28 obj/BlueNRG1_uart.o
                0x10041638                UART_GetFlagStatus
 .text.UART_RxFifoIrqLevelConfig
                0x10041660       0x1c obj/BlueNRG1_uart.o
                0x10041660                UART_RxFifoIrqLevelConfig
 .text.SysCount_Handler
                0x1004167c       0x10 obj/clock.o
                0x1004167c                SysCount_Handler
 .text.Clock_Init
                0x1004168c       0x2c obj/clock.o
                0x1004168c                Clock_Init
 .text.Clock_Time
                0x100416b8        0xc obj/clock.o
                0x100416b8                Clock_Time
 .text.Clock_Wait
                0x100416c4       0x16 obj/clock.o
                0x100416c4                Clock_Wait
 *fill*         0x100416da        0x2 
 .text.HAL_GetPartInfo
                0x100416dc       0x68 obj/miscutil.o
                0x100416dc                HAL_GetPartInfo
 .text.BLEPLAT_get_part_info
                0x10041744       0x22 obj/miscutil.o
                0x10041744                BLEPLAT_get_part_info
 .text.Osal_MemCpy
                0x10041766        0x8 obj/osal.o
                0x10041766                Osal_MemCpy
 .text.Osal_MemSet
                0x1004176e        0x8 obj/osal.o
                0x1004176e                Osal_MemSet
 .text.Osal_MemCmp
                0x10041776        0x8 obj/osal.o
                0x10041776                Osal_MemCmp
 *fill*         0x1004177e        0x2 
 .text._sbrk    0x10041780       0x40 obj/SDK_EVAL_Com.o
                0x10041780                _sbrk
 .text.__aeabi_memcpy
                0x100417c0        0x8 obj/SDK_EVAL_Com.o
                0x100417c0                __aeabi_memcpy
 .text.__aeabi_memcpy4
                0x100417c8        0x8 obj/SDK_EVAL_Com.o
                0x100417c8                __aeabi_memcpy4
 .text.__aeabi_memclr4
                0x100417d0        0xc obj/SDK_EVAL_Com.o
                0x100417d0                __aeabi_memclr4
 .text.PendSV_Handler
                0x100417dc        0x2 obj/system_bluenrg1.o
                0x100417dc                PendSV_Handler
 .text.NVM_Handler
                0x100417de        0x2 obj/system_bluenrg1.o
                0x100417de                NVM_Handler
 .text.SPI_Handler
                0x100417e0        0x2 obj/system_bluenrg1.o
                0x100417e0                SPI_Handler
 .text.MFT1A_Handler
                0x100417e2        0x2 obj/system_bluenrg1.o
                0x100417e2                MFT1A_Handler
 .text.MFT1B_Handler
                0x100417e4        0x2 obj/system_bluenrg1.o
                0x100417e4                MFT1B_Handler
 .text.MFT2A_Handler
                0x100417e6        0x2 obj/system_bluenrg1.o
                0x100417e6                MFT2A_Handler
 .text.MFT2B_Handler
                0x100417e8        0x2 obj/system_bluenrg1.o
                0x100417e8                MFT2B_Handler
 .text.RTC_Handler
                0x100417ea        0x2 obj/system_bluenrg1.o
                0x100417ea                RTC_Handler
 .text.WDG_Handler
                0x100417ec        0x2 obj/system_bluenrg1.o
                0x100417ec                WDG_Handler
 .text.ADC_Handler
                0x100417ee        0x2 obj/system_bluenrg1.o
                0x100417ee                ADC_Handler
 .text.I2C2_Handler
                0x100417f0        0x2 obj/system_bluenrg1.o
                0x100417f0                I2C2_Handler
 .text.I2C1_Handler
                0x100417f2        0x2 obj/system_bluenrg1.o
                0x100417f2                I2C1_Handler
 .text.DMA_Handler
                0x100417f4        0x2 obj/system_bluenrg1.o
                0x100417f4                DMA_Handler
 .text.PKA_Handler
                0x100417f6        0x2 obj/system_bluenrg1.o
                0x100417f6                PKA_Handler
 .text.Wait_LS_Stabilization
                0x100417f8       0x90 obj/system_bluenrg1.o
                0x100417f8                Wait_LS_Stabilization
 .text.Set_RF_FrontEnd
                0x10041888       0x58 obj/system_bluenrg1.o
                0x10041888                Set_RF_FrontEnd
 .text.BOR_ConfigSave
                0x100418e0       0x50 obj/system_bluenrg1.o
                0x100418e0                BOR_ConfigSave
 .text.SET_BORconfigStatus
                0x10041930       0x54 obj/system_bluenrg1.o
                0x10041930                SET_BORconfigStatus
 .text.__low_level_init
                0x10041984       0xd4 obj/system_bluenrg1.o
                0x10041984                __low_level_init
 .text.RESET_HANDLER
                0x10041a58       0x80 obj/system_bluenrg1.o
                0x10041a58                RESET_HANDLER
 .text.DeviceConfiguration
                0x10041ad8      0x170 obj/system_bluenrg1.o
                0x10041ad8                DeviceConfiguration
 .text.SystemInit
                0x10041c48      0x138 obj/system_bluenrg1.o
                0x10041c48                SystemInit
 .text._ZN2ATC2Ev
                0x10041d80       0x24 obj/AT.o
                0x10041d80                AT::AT()
                0x10041d80                AT::AT()
 .text._ZN2ATD2Ev
                0x10041da4        0x2 obj/AT.o
                0x10041da4                AT::~AT()
                0x10041da4                AT::~AT()
 .text._ZN2AT8InitUartEm
                0x10041da6       0x5a obj/AT.o
                0x10041da6                AT::InitUart(unsigned long)
 .text._ZN2AT11SendMessageEPcz
                0x10041e00       0x50 obj/AT.o
                0x10041e00                AT::SendMessage(char*, ...)
 .text._ZN9BluetoothC2EPc
                0x10041e50       0x54 obj/Bluetooth.o
                0x10041e50                Bluetooth::Bluetooth(char*)
                0x10041e50                Bluetooth::Bluetooth(char*)
 .text._ZN9BluetoothD2Ev
                0x10041ea4        0xe obj/Bluetooth.o
                0x10041ea4                Bluetooth::~Bluetooth()
                0x10041ea4                Bluetooth::~Bluetooth()
 .text._ZN9Bluetooth10InitDeviceEv
                0x10041eb2       0x50 obj/Bluetooth.o
                0x10041eb2                Bluetooth::InitDevice()
 *fill*         0x10041f02        0x2 
 .text._ZN9Bluetooth10AddServiceEv
                0x10041f04       0xf8 obj/Bluetooth.o
                0x10041f04                Bluetooth::AddService()
 .text._ZN9Bluetooth4TickEv
                0x10041ffc       0x6c obj/Bluetooth.o
                0x10041ffc                Bluetooth::Tick()
 .text.maincpp  0x10042068       0x70 obj/maincpp.o
                0x10042068                maincpp
 .text.memcmp   0x100420d8       0x1c c:/program files (x86)/gnu arm embedded toolchain/10 2020-q4-major/bin/../lib/gcc/arm-none-eabi/10.2.1/../../../../arm-none-eabi/lib/thumb/v6-m/nofp\libc_nano.a(lib_a-memcmp.o)
                0x100420d8                memcmp
 .text.memcpy   0x100420f4       0x12 c:/program files (x86)/gnu arm embedded toolchain/10 2020-q4-major/bin/../lib/gcc/arm-none-eabi/10.2.1/../../../../arm-none-eabi/lib/thumb/v6-m/nofp\libc_nano.a(lib_a-memcpy-stub.o)
                0x100420f4                memcpy
 .text.memset   0x10042106       0x10 c:/program files (x86)/gnu arm embedded toolchain/10 2020-q4-major/bin/../lib/gcc/arm-none-eabi/10.2.1/../../../../arm-none-eabi/lib/thumb/v6-m/nofp\libc_nano.a(lib_a-memset.o)
                0x10042106                memset
 *fill*         0x10042116        0x2 
 .text._vsprintf_r
                0x10042118       0x2c c:/program files (x86)/gnu arm embedded toolchain/10 2020-q4-major/bin/../lib/gcc/arm-none-eabi/10.2.1/../../../../arm-none-eabi/lib/thumb/v6-m/nofp\libc_nano.a(lib_a-vsprintf.o)
                0x10042118                _vsprintf_r
                0x10042118                _vsiprintf_r
 .text.vsprintf
                0x10042144       0x18 c:/program files (x86)/gnu arm embedded toolchain/10 2020-q4-major/bin/../lib/gcc/arm-none-eabi/10.2.1/../../../../arm-none-eabi/lib/thumb/v6-m/nofp\libc_nano.a(lib_a-vsprintf.o)
                0x10042144                vsiprintf
                0x10042144                vsprintf
 .text.__retarget_lock_acquire_recursive
                0x1004215c        0x2 c:/program files (x86)/gnu arm embedded toolchain/10 2020-q4-major/bin/../lib/gcc/arm-none-eabi/10.2.1/../../../../arm-none-eabi/lib/thumb/v6-m/nofp\libc_nano.a(lib_a-lock.o)
                0x1004215c                __retarget_lock_acquire_recursive
 .text.__retarget_lock_release_recursive
                0x1004215e        0x2 c:/program files (x86)/gnu arm embedded toolchain/10 2020-q4-major/bin/../lib/gcc/arm-none-eabi/10.2.1/../../../../arm-none-eabi/lib/thumb/v6-m/nofp\libc_nano.a(lib_a-lock.o)
                0x1004215e                __retarget_lock_release_recursive
 .text._free_r  0x10042160       0x94 c:/program files (x86)/gnu arm embedded toolchain/10 2020-q4-major/bin/../lib/gcc/arm-none-eabi/10.2.1/../../../../arm-none-eabi/lib/thumb/v6-m/nofp\libc_nano.a(lib_a-nano-freer.o)
                0x10042160                _free_r
 .text._malloc_r
                0x100421f4       0xbc c:/program files (x86)/gnu arm embedded toolchain/10 2020-q4-major/bin/../lib/gcc/arm-none-eabi/10.2.1/../../../../arm-none-eabi/lib/thumb/v6-m/nofp\libc_nano.a(lib_a-nano-mallocr.o)
                0x100421f4                _malloc_r
 .text.__ssputs_r
                0x100422b0       0xc4 c:/program files (x86)/gnu arm embedded toolchain/10 2020-q4-major/bin/../lib/gcc/arm-none-eabi/10.2.1/../../../../arm-none-eabi/lib/thumb/v6-m/nofp\libc_nano.a(lib_a-nano-svfprintf.o)
                0x100422b0                __ssputs_r
 .text._svfprintf_r
                0x10042374      0x200 c:/program files (x86)/gnu arm embedded toolchain/10 2020-q4-major/bin/../lib/gcc/arm-none-eabi/10.2.1/../../../../arm-none-eabi/lib/thumb/v6-m/nofp\libc_nano.a(lib_a-nano-svfprintf.o)
                0x10042374                _svfiprintf_r
                0x10042374                _svfprintf_r
 .text._printf_common
                0x10042574       0xde c:/program files (x86)/gnu arm embedded toolchain/10 2020-q4-major/bin/../lib/gcc/arm-none-eabi/10.2.1/../../../../arm-none-eabi/lib/thumb/v6-m/nofp\libc_nano.a(lib_a-nano-vfprintf_i.o)
                0x10042574                _printf_common
 *fill*         0x10042652        0x2 
 .text._printf_i
                0x10042654      0x224 c:/program files (x86)/gnu arm embedded toolchain/10 2020-q4-major/bin/../lib/gcc/arm-none-eabi/10.2.1/../../../../arm-none-eabi/lib/thumb/v6-m/nofp\libc_nano.a(lib_a-nano-vfprintf_i.o)
                0x10042654                _printf_i
 .text._sbrk_r  0x10042878       0x24 c:/program files (x86)/gnu arm embedded toolchain/10 2020-q4-major/bin/../lib/gcc/arm-none-eabi/10.2.1/../../../../arm-none-eabi/lib/thumb/v6-m/nofp\libc_nano.a(lib_a-sbrkr.o)
                0x10042878                _sbrk_r
 .text.memchr   0x1004289c       0x16 c:/program files (x86)/gnu arm embedded toolchain/10 2020-q4-major/bin/../lib/gcc/arm-none-eabi/10.2.1/../../../../arm-none-eabi/lib/thumb/v6-m/nofp\libc_nano.a(lib_a-memchr-stub.o)
                0x1004289c                memchr
 .text.memmove  0x100428b2       0x26 c:/program files (x86)/gnu arm embedded toolchain/10 2020-q4-major/bin/../lib/gcc/arm-none-eabi/10.2.1/../../../../arm-none-eabi/lib/thumb/v6-m/nofp\libc_nano.a(lib_a-memmove.o)
                0x100428b2                memmove
 .text.__malloc_lock
                0x100428d8       0x10 c:/program files (x86)/gnu arm embedded toolchain/10 2020-q4-major/bin/../lib/gcc/arm-none-eabi/10.2.1/../../../../arm-none-eabi/lib/thumb/v6-m/nofp\libc_nano.a(lib_a-mlock.o)
                0x100428d8                __malloc_lock
 .text.__malloc_unlock
                0x100428e8       0x10 c:/program files (x86)/gnu arm embedded toolchain/10 2020-q4-major/bin/../lib/gcc/arm-none-eabi/10.2.1/../../../../arm-none-eabi/lib/thumb/v6-m/nofp\libc_nano.a(lib_a-mlock.o)
                0x100428e8                __malloc_unlock
 .text._realloc_r
                0x100428f8       0x4c c:/program files (x86)/gnu arm embedded toolchain/10 2020-q4-major/bin/../lib/gcc/arm-none-eabi/10.2.1/../../../../arm-none-eabi/lib/thumb/v6-m/nofp\libc_nano.a(lib_a-nano-reallocr.o)
                0x100428f8                _realloc_r
 .text._malloc_usable_size_r
                0x10042944       0x10 c:/program files (x86)/gnu arm embedded toolchain/10 2020-q4-major/bin/../lib/gcc/arm-none-eabi/10.2.1/../../../../arm-none-eabi/lib/thumb/v6-m/nofp\libc_nano.a(lib_a-nano-msizer.o)
                0x10042944                _malloc_usable_size_r
 .text.__aeabi_memmove
                0x10042954        0x8 c:/program files (x86)/gnu arm embedded toolchain/10 2020-q4-major/bin/../lib/gcc/arm-none-eabi/10.2.1/../../../../arm-none-eabi/lib/thumb/v6-m/nofp\libc.a(lib_a-aeabi_memmove.o)
                0x10042954                __aeabi_memmove
                0x10042954                __aeabi_memmove4
                0x10042954                __aeabi_memmove8
 *(i.*)
 i._aci_gap_set_discoverable_param_check
                0x1004295c       0x5c ./assembly\libbluenrg1_stack.a(bluenrg_gap_aci.o)
 i.aci_gap_init
                0x100429b8       0x30 ./assembly\libbluenrg1_stack.a(bluenrg_gap_aci.o)
                0x100429b8                aci_gap_init
 i.aci_gap_set_discoverable
                0x100429e8       0x42 ./assembly\libbluenrg1_stack.a(bluenrg_gap_aci.o)
                0x100429e8                aci_gap_set_discoverable
 i.aci_gap_update_adv_data
                0x10042a2a       0x10 ./assembly\libbluenrg1_stack.a(bluenrg_gap_aci.o)
                0x10042a2a                aci_gap_update_adv_data
 i._load_uuid   0x10042a3a       0x26 ./assembly\libbluenrg1_stack.a(bluenrg_gatt_aci.o)
 i.aci_gatt_add_char
                0x10042a60       0x3e ./assembly\libbluenrg1_stack.a(bluenrg_gatt_aci.o)
                0x10042a60                aci_gatt_add_char
 i.aci_gatt_add_char_desc
                0x10042a9e       0x50 ./assembly\libbluenrg1_stack.a(bluenrg_gatt_aci.o)
                0x10042a9e                aci_gatt_add_char_desc
 i.aci_gatt_add_service
                0x10042aee       0x36 ./assembly\libbluenrg1_stack.a(bluenrg_gatt_aci.o)
                0x10042aee                aci_gatt_add_service
 i.aci_gatt_init
                0x10042b24        0x8 ./assembly\libbluenrg1_stack.a(bluenrg_gatt_aci.o)
                0x10042b24                aci_gatt_init
 i.aci_gatt_update_char_value_ext
                0x10042b2c       0x22 ./assembly\libbluenrg1_stack.a(bluenrg_gatt_aci.o)
                0x10042b2c                aci_gatt_update_char_value_ext
 i.aci_hal_set_tx_power_level
                0x10042b4e        0x8 ./assembly\libbluenrg1_stack.a(bluenrg_hal_aci.o)
                0x10042b4e                aci_hal_set_tx_power_level
 i.aci_hal_write_config_data
                0x10042b56        0x8 ./assembly\libbluenrg1_stack.a(bluenrg_hal_aci.o)
                0x10042b56                aci_hal_write_config_data
 *fill*         0x10042b5e        0x2 
 i.BTLE_StackTick
                0x10042b60       0x84 ./assembly\libbluenrg1_stack.a(bluenrg_main_func.o)
                0x10042b60                BTLE_StackTick
 i.BlueNRG_Stack_Initialization
                0x10042be4       0x44 ./assembly\libbluenrg1_stack.a(bluenrg_main_func.o)
                0x10042be4                BlueNRG_Stack_Initialization
 i.BlueNRG_Stack_Initialize_ConfigData
                0x10042c28       0x64 ./assembly\libbluenrg1_stack.a(bluenrg_main_func.o)
 i.BlueNRG_Stack_Initialize_Layers
                0x10042c8c       0x84 ./assembly\libbluenrg1_stack.a(bluenrg_main_func.o)
 i.BlueNRG_Stack_Initialize_RAM_check
                0x10042d10       0x7c ./assembly\libbluenrg1_stack.a(bluenrg_main_func.o)
 i.BlueNRG_Stack_Perform_Crystal_Check
                0x10042d8c       0xc4 ./assembly\libbluenrg1_stack.a(bluenrg_main_func.o)
 i.BlueNRG_Start_Crystal_Measurement
                0x10042e50       0x1c ./assembly\libbluenrg1_stack.a(bluenrg_main_func.o)
 i._BlueNRG_Stack_Initialization
                0x10042e6c       0xe8 ./assembly\libbluenrg1_stack.a(bluenrg_main_func.o)
                0x10042e6c                _BlueNRG_Stack_Initialization
 i.GAP_Connection_Complete_Handler
                0x10042f54       0x68 ./assembly\libbluenrg1_stack.a(gap.o)
                0x10042f54                GAP_Connection_Complete_Handler
 i.GAP_DiscProcTimeoutcb_ucfg
                0x10042fbc        0x2 ./assembly\libbluenrg1_stack.a(gap.o)
                0x10042fbc                GAP_DiscProcTimeoutcb_ucfg
 *fill*         0x10042fbe        0x2 
 i.GAP_Init     0x10042fc0      0x1fc ./assembly\libbluenrg1_stack.a(gap.o)
                0x10042fc0                GAP_Init
 i.GAP_Init_Context
                0x100431bc       0x14 ./assembly\libbluenrg1_stack.a(gap.o)
                0x100431bc                GAP_Init_Context
 i.GAP_LL_Event_Handler_ISR
                0x100431d0       0x68 ./assembly\libbluenrg1_stack.a(gap.o)
                0x100431d0                GAP_LL_Event_Handler_ISR
 i.GAP_LimDiscTimeoutcb
                0x10043238       0x2c ./assembly\libbluenrg1_stack.a(gap.o)
                0x10043238                GAP_LimDiscTimeoutcb
 i.GAP_Process_Q
                0x10043264       0x40 ./assembly\libbluenrg1_stack.a(gap.o)
                0x10043264                GAP_Process_Q
 i.GAP_Set_Discoverable_Mode
                0x100432a4       0x38 ./assembly\libbluenrg1_stack.a(gap.o)
                0x100432a4                GAP_Set_Discoverable_Mode
 i.GAP_check_and_set_role_ucfg
                0x100432dc       0x1c ./assembly\libbluenrg1_stack.a(gap.o)
                0x100432dc                GAP_check_and_set_role_ucfg
 i.GAP_discover_peer_name_ucfg
                0x100432f8        0x2 ./assembly\libbluenrg1_stack.a(gap.o)
                0x100432f8                GAP_discover_peer_name_ucfg
 i.GAP_enable_controller_privacy_ucfg
                0x100432fa        0x4 ./assembly\libbluenrg1_stack.a(gap.o)
                0x100432fa                GAP_enable_controller_privacy_ucfg
 *fill*         0x100432fe        0x2 
 i._GAP_Parse_Advertising_Report
                0x10043300       0x64 ./assembly\libbluenrg1_stack.a(gap.o)
 i._gap_set_discoverable_connectable
                0x10043364      0x174 ./assembly\libbluenrg1_stack.a(gap.o)
                0x10043364                _gap_set_discoverable_connectable
 i.aci_gap_limited_discoverable_event_push
                0x100434d8       0x50 ./assembly\libbluenrg1_stack.a(gap.o)
 i.aci_gap_proc_complete_event_push
                0x10043528       0x74 ./assembly\libbluenrg1_stack.a(gap.o)
 i.advParamsCheckAndSet
                0x1004359c       0x88 ./assembly\libbluenrg1_stack.a(gap.o)
                0x1004359c                advParamsCheckAndSet
 i.gapClearAllModeFlags
                0x10043624       0x14 ./assembly\libbluenrg1_stack.a(gap.o)
                0x10043624                gapClearAllModeFlags
 i.setGapAdvData
                0x10043638      0x104 ./assembly\libbluenrg1_stack.a(gap.o)
                0x10043638                setGapAdvData
 i.Find_Gatt_Client
                0x1004373c       0x3c ./assembly\libbluenrg1_stack.a(gatt_client.o)
                0x1004373c                Find_Gatt_Client
 i.Build_Notif_Or_Ind
                0x10043778       0x3e ./assembly\libbluenrg1_stack.a(gatt_server.o)
                0x10043778                Build_Notif_Or_Ind
 *fill*         0x100437b6        0x2 
 i.Check_For_Service_Change
                0x100437b8      0x34c ./assembly\libbluenrg1_stack.a(gatt_server.o)
                0x100437b8                Check_For_Service_Change
 i.Find_Attr_Index
                0x10043b04       0x50 ./assembly\libbluenrg1_stack.a(gatt_server.o)
                0x10043b04                Find_Attr_Index
 i.Find_Timed_Out_Connection
                0x10043b54       0x20 ./assembly\libbluenrg1_stack.a(gatt_server.o)
                0x10043b54                Find_Timed_Out_Connection
 i.GATT_Connection_Complete_Handler
                0x10043b74       0x44 ./assembly\libbluenrg1_stack.a(gatt_server.o)
                0x10043b74                GATT_Connection_Complete_Handler
 i.GATT_Send_Packet
                0x10043bb8       0x2c ./assembly\libbluenrg1_stack.a(gatt_server.o)
                0x10043bb8                GATT_Send_Packet
 i.GATT_Server_Set_Flag
                0x10043be4       0x18 ./assembly\libbluenrg1_stack.a(gatt_server.o)
 i.GATT_TimeOut_Handler
                0x10043bfc       0x1a ./assembly\libbluenrg1_stack.a(gatt_server.o)
                0x10043bfc                GATT_TimeOut_Handler
 *fill*         0x10043c16        0x2 
 i.Gatt_Add_Charac_Desc
                0x10043c18      0x160 ./assembly\libbluenrg1_stack.a(gatt_server.o)
                0x10043c18                Gatt_Add_Charac_Desc
 i.Gatt_Add_Characteristic
                0x10043d78      0x33c ./assembly\libbluenrg1_stack.a(gatt_server.o)
                0x10043d78                Gatt_Add_Characteristic
 i.Gatt_Add_Descriptor
                0x100440b4      0x158 ./assembly\libbluenrg1_stack.a(gatt_server.o)
                0x100440b4                Gatt_Add_Descriptor
 i.Gatt_Add_Service
                0x1004420c      0x160 ./assembly\libbluenrg1_stack.a(gatt_server.o)
                0x1004420c                Gatt_Add_Service
 i.Gatt_Find_Srv_From_Handle
                0x1004436c       0x2c ./assembly\libbluenrg1_stack.a(gatt_server.o)
                0x1004436c                Gatt_Find_Srv_From_Handle
 i.Gatt_Find_Srv_Owner_Of_Handle
                0x10044398       0x48 ./assembly\libbluenrg1_stack.a(gatt_server.o)
                0x10044398                Gatt_Find_Srv_Owner_Of_Handle
 i.Gatt_Find_Timed_Out_Connection_Index
                0x100443e0       0x38 ./assembly\libbluenrg1_stack.a(gatt_server.o)
                0x100443e0                Gatt_Find_Timed_Out_Connection_Index
 i.Gatt_Flush_Pending_AclPacket_Lists
                0x10044418       0x34 ./assembly\libbluenrg1_stack.a(gatt_server.o)
 i.Gatt_Process_Q
                0x1004444c      0x19c ./assembly\libbluenrg1_stack.a(gatt_server.o)
                0x1004444c                Gatt_Process_Q
 i.Gatt_Reset_To_Closed_State
                0x100445e8       0xfc ./assembly\libbluenrg1_stack.a(gatt_server.o)
 i.Gatt_Server_Db_Check
                0x100446e4       0x38 ./assembly\libbluenrg1_stack.a(gatt_server.o)
                0x100446e4                Gatt_Server_Db_Check
 i.Gatt_Server_Init
                0x1004471c      0x194 ./assembly\libbluenrg1_stack.a(gatt_server.o)
                0x1004471c                Gatt_Server_Init
 i.Gatt_Server_L2C_Handler
                0x100448b0      0x21c ./assembly\libbluenrg1_stack.a(gatt_server.o)
                0x100448b0                Gatt_Server_L2C_Handler
 i.Gatt_Server_L2C_Handler_ISR
                0x10044acc       0x4c ./assembly\libbluenrg1_stack.a(gatt_server.o)
                0x10044acc                Gatt_Server_L2C_Handler_ISR
 i.Gatt_Store_Server_Database_And_Reset_CCCD
                0x10044b18      0x170 ./assembly\libbluenrg1_stack.a(gatt_server.o)
 i.Gatt_Update_Charac_Value
                0x10044c88       0x68 ./assembly\libbluenrg1_stack.a(gatt_server.o)
                0x10044c88                Gatt_Update_Charac_Value
 i.Gatt_Update_Charac_Value_Ext
                0x10044cf0      0x390 ./assembly\libbluenrg1_stack.a(gatt_server.o)
                0x10044cf0                Gatt_Update_Charac_Value_Ext
 i.Gatt_fetch_handle
                0x10045080       0x3c ./assembly\libbluenrg1_stack.a(gatt_server.o)
                0x10045080                Gatt_fetch_handle
 i.Gatt_search_handle
                0x100450bc       0x1e ./assembly\libbluenrg1_stack.a(gatt_server.o)
                0x100450bc                Gatt_search_handle
 *fill*         0x100450da        0x2 
 i.Gatt_search_service_handle
                0x100450dc       0x30 ./assembly\libbluenrg1_stack.a(gatt_server.o)
                0x100450dc                Gatt_search_service_handle
 i.Ind_Service_Change_Charac
                0x1004510c       0x48 ./assembly\libbluenrg1_stack.a(gatt_server.o)
                0x1004510c                Ind_Service_Change_Charac
 i.Pm_Resize_Host_Acl_Pckt
                0x10045154        0xe ./assembly\libbluenrg1_stack.a(gatt_server.o)
 *fill*         0x10045162        0x2 
 i.Process_Peer_Client_Data
                0x10045164      0x1f8 ./assembly\libbluenrg1_stack.a(gatt_server.o)
                0x10045164                Process_Peer_Client_Data
 i.Process_Peer_Server_Data
                0x1004535c      0x16c ./assembly\libbluenrg1_stack.a(gatt_server.o)
                0x1004535c                Process_Peer_Server_Data
 i.Select_Next_Notification_Client
                0x100454c8       0x50 ./assembly\libbluenrg1_stack.a(gatt_server.o)
                0x100454c8                Select_Next_Notification_Client
 i.Send_Notif_Or_Ind
                0x10045518       0x4c ./assembly\libbluenrg1_stack.a(gatt_server.o)
                0x10045518                Send_Notif_Or_Ind
 i.aci_gatt_indication_event_push
                0x10045564       0x90 ./assembly\libbluenrg1_stack.a(gatt_server.o)
 i.aci_gatt_notification_event_push
                0x100455f4       0x90 ./assembly\libbluenrg1_stack.a(gatt_server.o)
 i.aci_hal_fw_error_event_push
                0x10045684       0x5c ./assembly\libbluenrg1_stack.a(gatt_server.o)
 i.store_data   0x100456e0       0x1e ./assembly\libbluenrg1_stack.a(gatt_server.o)
                0x100456e0                store_data
 i.__ARM_common_switch8
                0x100456fe       0x1a ./assembly\libbluenrg1_stack.a(gatt_server.o)
                0x100456fe                __ARM_common_switch8
 i.HAL_Flash_Store_Data
                0x10045718       0x54 ./assembly\libbluenrg1_stack.a(hal.o)
                0x10045718                HAL_Flash_Store_Data
 i.HAL_Generate_Random_Bytes_To
                0x1004576c       0x20 ./assembly\libbluenrg1_stack.a(hal.o)
                0x1004576c                HAL_Generate_Random_Bytes_To
 i.HAL_Set_TX_Power_Level
                0x1004578c       0x44 ./assembly\libbluenrg1_stack.a(hal.o)
                0x1004578c                HAL_Set_TX_Power_Level
 i.HAL_Write_ConfigData
                0x100457d0      0x11c ./assembly\libbluenrg1_stack.a(hal.o)
                0x100457d0                HAL_Write_ConfigData
 i.Hal_Get_Random_Number
                0x100458ec       0x3a ./assembly\libbluenrg1_stack.a(hal.o)
                0x100458ec                Hal_Get_Random_Number
 i.Hal_Get_Random_Number32
                0x10045926       0x12 ./assembly\libbluenrg1_stack.a(hal.o)
                0x10045926                Hal_Get_Random_Number32
 i.aci_hal_end_of_radio_activity_event
                0x10045938        0x2 ./assembly\libbluenrg1_stack.a(hal.o)
                0x10045938                aci_hal_end_of_radio_activity_event
 *fill*         0x1004593a        0x2 
 i.ble_HAL_Init
                0x1004593c       0x1c ./assembly\libbluenrg1_stack.a(hal.o)
                0x1004593c                ble_HAL_Init
 i.char_copy    0x10045958       0x12 ./assembly\libbluenrg1_stack.a(hal.o)
                0x10045958                char_copy
 *fill*         0x1004596a        0x2 
 i.hal_radio_activity_state_callback_check
                0x1004596c       0x34 ./assembly\libbluenrg1_stack.a(hal.o)
                0x1004596c                hal_radio_activity_state_callback_check
 i.hal_radio_activity_state_init
                0x100459a0       0x1c ./assembly\libbluenrg1_stack.a(hal.o)
                0x100459a0                hal_radio_activity_state_init
 i.hal_read_radio_activity_state
                0x100459bc       0x40 ./assembly\libbluenrg1_stack.a(hal.o)
                0x100459bc                hal_read_radio_activity_state
 i.set_string   0x100459fc       0x10 ./assembly\libbluenrg1_stack.a(hal.o)
                0x100459fc                set_string
 i.Controller_Process_Q
                0x10045a0c       0x1c ./assembly\libbluenrg1_stack.a(hci.o)
                0x10045a0c                Controller_Process_Q
 i.HCI_Init     0x10045a28       0x7c ./assembly\libbluenrg1_stack.a(hci.o)
                0x10045a28                HCI_Init
 i.PKA_Offline_Processing_ucfg
                0x10045aa4        0x2 ./assembly\libbluenrg1_stack.a(hci.o)
                0x10045aa4                PKA_Offline_Processing_ucfg
 i.PRIV_controller_privacy_csr_ucfg
                0x10045aa6        0x4 ./assembly\libbluenrg1_stack.a(hci.o)
                0x10045aa6                PRIV_controller_privacy_csr_ucfg
 i.data_length_extension_csr_ucfg
                0x10045aaa        0x4 ./assembly\libbluenrg1_stack.a(hci.o)
                0x10045aaa                data_length_extension_csr_ucfg
 *fill*         0x10045aae        0x2 
 i.hci_acl_Process_Q
                0x10045ab0       0x6c ./assembly\libbluenrg1_stack.a(hci.o)
                0x10045ab0                hci_acl_Process_Q
 i.hci_le_encrypt
                0x10045b1c        0xa ./assembly\libbluenrg1_stack.a(hci.o)
                0x10045b1c                hci_le_encrypt
 i.hci_le_long_term_key_request_reply
                0x10045b26        0xe ./assembly\libbluenrg1_stack.a(hci.o)
                0x10045b26                hci_le_long_term_key_request_reply
 i.hci_le_long_term_key_requested_negative_reply
                0x10045b34        0xe ./assembly\libbluenrg1_stack.a(hci.o)
                0x10045b34                hci_le_long_term_key_requested_negative_reply
 i.hci_le_set_scan_response_data
                0x10045b42       0x16 ./assembly\libbluenrg1_stack.a(hci.o)
                0x10045b42                hci_le_set_scan_response_data
 i.hci_rx_acl_data
                0x10045b58       0x6c ./assembly\libbluenrg1_stack.a(hci.o)
                0x10045b58                hci_rx_acl_data
 i.hci_tx_acl_data_done
                0x10045bc4       0x44 ./assembly\libbluenrg1_stack.a(hci.o)
                0x10045bc4                hci_tx_acl_data_done
 i.HAL_VTimerAcc_sysT32_ms
                0x10045c08       0x24 ./assembly\libbluenrg1_stack.a(host_timer.o)
                0x10045c08                HAL_VTimerAcc_sysT32_ms
 i.HAL_VTimerGetCurrentTime_sysT32
                0x10045c2c       0x12 ./assembly\libbluenrg1_stack.a(host_timer.o)
                0x10045c2c                HAL_VTimerGetCurrentTime_sysT32
 i.HAL_VTimerTimeoutCallback
                0x10045c3e        0x2 ./assembly\libbluenrg1_stack.a(host_timer.o)
                0x10045c3e                HAL_VTimerTimeoutCallback
 i.Set_Host_Timer_value
                0x10045c40       0x50 ./assembly\libbluenrg1_stack.a(host_timer.o)
                0x10045c40                Set_Host_Timer_value
 i.TimerCallback
                0x10045c90       0x7c ./assembly\libbluenrg1_stack.a(host_timer.o)
 i.Timer_ExpiryCallback
                0x10045d0c       0x14 ./assembly\libbluenrg1_stack.a(host_timer.o)
                0x10045d0c                Timer_ExpiryCallback
 i.Timer_Init   0x10045d20       0x34 ./assembly\libbluenrg1_stack.a(host_timer.o)
                0x10045d20                Timer_Init
 i.Timer_ProcessQ
                0x10045d54      0x11c ./assembly\libbluenrg1_stack.a(host_timer.o)
                0x10045d54                Timer_ProcessQ
 i.Timer_StartOneShot
                0x10045e70       0x22 ./assembly\libbluenrg1_stack.a(host_timer.o)
                0x10045e70                Timer_StartOneShot
 *fill*         0x10045e92        0x2 
 i.Timer_StartOneShot_sysTime32
                0x10045e94       0x74 ./assembly\libbluenrg1_stack.a(host_timer.o)
                0x10045e94                Timer_StartOneShot_sysTime32
 i.Timer_StopOneShot
                0x10045f08       0x58 ./assembly\libbluenrg1_stack.a(host_timer.o)
                0x10045f08                Timer_StopOneShot
 i.Timer_sysTime32_convMachineTime
                0x10045f60       0x24 ./assembly\libbluenrg1_stack.a(host_timer.o)
                0x10045f60                Timer_sysTime32_convMachineTime
 i.L2C_Build_Command_Reject_Pdu
                0x10045f84       0x7c ./assembly\libbluenrg1_stack.a(l2cap.o)
                0x10045f84                L2C_Build_Command_Reject_Pdu
 i.L2C_Connection_Complete_Handler
                0x10046000       0x4a ./assembly\libbluenrg1_stack.a(l2cap.o)
                0x10046000                L2C_Connection_Complete_Handler
 i.L2C_Connection_Complete_Signal_Handler
                0x1004604a       0x2a ./assembly\libbluenrg1_stack.a(l2cap.o)
                0x1004604a                L2C_Connection_Complete_Signal_Handler
 i.L2C_Get_Connection_Info
                0x10046074       0x34 ./assembly\libbluenrg1_stack.a(l2cap.o)
 i.L2C_Get_Connection_Info_Index
                0x100460a8       0x30 ./assembly\libbluenrg1_stack.a(l2cap.o)
 i.L2C_Get_PDU_Len
                0x100460d8        0xe ./assembly\libbluenrg1_stack.a(l2cap.o)
                0x100460d8                L2C_Get_PDU_Len
 *fill*         0x100460e6        0x2 
 i.L2C_Init     0x100460e8       0x58 ./assembly\libbluenrg1_stack.a(l2cap.o)
                0x100460e8                L2C_Init
 i.L2C_Mux_Acl_Packet
                0x10046140       0x58 ./assembly\libbluenrg1_stack.a(l2cap.o)
 i.L2C_Rcv_Data
                0x10046198       0xcc ./assembly\libbluenrg1_stack.a(l2cap.o)
 i.L2C_Rcv_Event_Handler
                0x10046264       0x1e ./assembly\libbluenrg1_stack.a(l2cap.o)
                0x10046264                L2C_Rcv_Event_Handler
 i.L2C_Rcv_Event_Handler_ISR
                0x10046282       0x54 ./assembly\libbluenrg1_stack.a(l2cap.o)
                0x10046282                L2C_Rcv_Event_Handler_ISR
 *fill*         0x100462d6        0x2 
 i.L2C_Reset_To_Closed_State
                0x100462d8       0x7c ./assembly\libbluenrg1_stack.a(l2cap.o)
 i.L2C_Send_Data
                0x10046354       0x4c ./assembly\libbluenrg1_stack.a(l2cap.o)
                0x10046354                L2C_Send_Data
 i.L2C_SigChan_Req_TimeOut_Handler
                0x100463a0       0x60 ./assembly\libbluenrg1_stack.a(l2cap.o)
                0x100463a0                L2C_SigChan_Req_TimeOut_Handler
 i.L2C_Signal_Channel_Handler
                0x10046400      0x1b0 ./assembly\libbluenrg1_stack.a(l2cap.o)
                0x10046400                L2C_Signal_Channel_Handler
 i.L2C_Signal_Channel_Handler_ISR
                0x100465b0       0x24 ./assembly\libbluenrg1_stack.a(l2cap.o)
                0x100465b0                L2C_Signal_Channel_Handler_ISR
 i.L2C_discard_accumulated_acl_data
                0x100465d4       0x5c ./assembly\libbluenrg1_stack.a(l2cap.o)
 i.aci_l2cap_connection_update_req_event_push
                0x10046630       0x98 ./assembly\libbluenrg1_stack.a(l2cap.o)
 i.Data_Length_Update_Control_ISR_ucfg
                0x100466c8        0x4 ./assembly\libbluenrg1_stack.a(ll_isr.o)
                0x100466c8                Data_Length_Update_Control_ISR_ucfg
 i.RAL_Isr      0x100466cc      0x218 ./assembly\libbluenrg1_stack.a(ll_isr.o)
                0x100466cc                RAL_Isr
 i.copy_4_u32   0x100468e4       0x12 ./assembly\libbluenrg1_stack.a(ll_isr.o)
                0x100468e4                copy_4_u32
 *fill*         0x100468f6        0x2 
 i.copy_tx_data_packet
                0x100468f8       0x84 ./assembly\libbluenrg1_stack.a(ll_isr.o)
                0x100468f8                copy_tx_data_packet
 i.encrypt      0x1004697c       0x74 ./assembly\libbluenrg1_stack.a(ll_isr.o)
                0x1004697c                encrypt
 i.isr_advertise_state
                0x100469f0      0x398 ./assembly\libbluenrg1_stack.a(ll_isr.o)
 i.isr_connect_slave_state
                0x10046d88      0x7e4 ./assembly\libbluenrg1_stack.a(ll_isr.o)
 i.isr_test_rx_state
                0x1004756c       0x34 ./assembly\libbluenrg1_stack.a(ll_isr.o)
 i.isr_test_tx_state
                0x100475a0       0x64 ./assembly\libbluenrg1_stack.a(ll_isr.o)
 i.isr_unknown_state
                0x10047604       0x2c ./assembly\libbluenrg1_stack.a(ll_isr.o)
 i.state_func_call_init_csr_ucfg
                0x10047630        0x2 ./assembly\libbluenrg1_stack.a(ll_isr.o)
                0x10047630                state_func_call_init_csr_ucfg
 i.__ARM_common_memcpy1_6
                0x10047632       0x1a ./assembly\libbluenrg1_stack.a(ll_isr.o)
                0x10047632                __ARM_common_memcpy1_6
 i.LL_LE_Clear_White_List
                0x1004764c       0x28 ./assembly\libbluenrg1_stack.a(ll_privacy.o)
                0x1004764c                LL_LE_Clear_White_List
 i.PRIVWHIT_u8SearchAddrInList
                0x10047674       0x84 ./assembly\libbluenrg1_stack.a(ll_privacy.o)
                0x10047674                PRIVWHIT_u8SearchAddrInList
 i.PRIVWHIT_vInit_Struct
                0x100476f8       0xb8 ./assembly\libbluenrg1_stack.a(ll_privacy.o)
                0x100476f8                PRIVWHIT_vInit_Struct
 i.PRIV_SearchAddrInWhiteList
                0x100477b0       0x58 ./assembly\libbluenrg1_stack.a(ll_privacy.o)
                0x100477b0                PRIV_SearchAddrInWhiteList
 i.PRIV_u32ProcessAdvPacket_ucfg
                0x10047808        0x4 ./assembly\libbluenrg1_stack.a(ll_privacy.o)
                0x10047808                PRIV_u32ProcessAdvPacket_ucfg
 i.PRIV_u8OfflineProcessing_ucfg
                0x1004780c        0x4 ./assembly\libbluenrg1_stack.a(ll_privacy.o)
                0x1004780c                PRIV_u8OfflineProcessing_ucfg
 i.PRIV_vGeneratePrivateAddress_ucfg
                0x10047810        0x2 ./assembly\libbluenrg1_stack.a(ll_privacy.o)
                0x10047810                PRIV_vGeneratePrivateAddress_ucfg
 i.PRIV_vGenerate_hci_le_enhanced_connection_complete_event_ucfg
                0x10047812        0x2 ./assembly\libbluenrg1_stack.a(ll_privacy.o)
                0x10047812                PRIV_vGenerate_hci_le_enhanced_connection_complete_event_ucfg
 i.Data_Len_Update_Offline_Processing_ucfg
                0x10047814        0x2 ./assembly\libbluenrg1_stack.a(ll_routines.o)
                0x10047814                Data_Len_Update_Offline_Processing_ucfg
 *fill*         0x10047816        0x2 
 i.Disconnection_Offline_Processing
                0x10047818       0x48 ./assembly\libbluenrg1_stack.a(ll_routines.o)
                0x10047818                Disconnection_Offline_Processing
 i.LL_Data_Length_Change_Event_ucfg
                0x10047860        0x4 ./assembly\libbluenrg1_stack.a(ll_routines.o)
                0x10047860                LL_Data_Length_Change_Event_ucfg
 i.LL_Send_Disconnection_Req
                0x10047864       0xa4 ./assembly\libbluenrg1_stack.a(ll_routines.o)
                0x10047864                LL_Send_Disconnection_Req
 i.LL_Send_Length_Resp_ucfg
                0x10047908        0x4 ./assembly\libbluenrg1_stack.a(ll_routines.o)
                0x10047908                LL_Send_Length_Resp_ucfg
 i.ll_write_supported_data_ucfg
                0x1004790c        0x4 ./assembly\libbluenrg1_stack.a(ll_routines.o)
                0x1004790c                ll_write_supported_data_ucfg
 i.read_rssi    0x10047910       0x7c ./assembly\libbluenrg1_stack.a(ll_routines.o)
                0x10047910                read_rssi
 i.Reclassify_All_Channels_ucfg
                0x1004798c        0x2 ./assembly\libbluenrg1_stack.a(ll_routines_master.o)
                0x1004798c                Reclassify_All_Channels_ucfg
 *fill*         0x1004798e        0x2 
 i.hci_encryption_change_event_push
                0x10047990       0x5c ./assembly\libbluenrg1_stack.a(ll_routines_master.o)
 i.hci_encryption_key_refresh_complete_event_push
                0x100479ec       0x58 ./assembly\libbluenrg1_stack.a(ll_routines_master.o)
 i.hci_le_connection_complete_event_push
                0x10047a44       0x88 ./assembly\libbluenrg1_stack.a(ll_routines_master.o)
 i.hci_le_connection_update_complete_event_push
                0x10047acc       0x6c ./assembly\libbluenrg1_stack.a(ll_routines_master.o)
 i.isr_event_handler
                0x10047b38      0x5fc ./assembly\libbluenrg1_stack.a(ll_routines_master.o)
                0x10047b38                isr_event_handler
 i.isr_event_handler_scan_data_ucfg
                0x10048134        0x2 ./assembly\libbluenrg1_stack.a(ll_routines_master.o)
                0x10048134                isr_event_handler_scan_data_ucfg
 *fill*         0x10048136        0x2 
 i.LL_Encrypt_Plain_Data_ucfg
                0x10048138       0x9c ./assembly\libbluenrg1_stack.a(ll_routines_support.o)
                0x10048138                LL_Encrypt_Plain_Data_ucfg
 i.LL_Set_LTK   0x100481d4       0x9c ./assembly\libbluenrg1_stack.a(ll_routines_support.o)
                0x100481d4                LL_Set_LTK
 i.Dynamic_allocator
                0x10048270      0x264 ./assembly\libbluenrg1_stack.a(mem_alloc.o)
                0x10048270                Dynamic_allocator
 i.Dynamic_allocator_noRet
                0x100484d4        0x2 ./assembly\libbluenrg1_stack.a(mem_alloc.o)
                0x100484d4                Dynamic_allocator_noRet
 i.Mem_assign   0x100484d6       0x16 ./assembly\libbluenrg1_stack.a(mem_alloc.o)
 i.mem_alloc_ctx_init
                0x100484ec       0xa8 ./assembly\libbluenrg1_stack.a(mem_alloc.o)
                0x100484ec                mem_alloc_ctx_init
 i.Mem_Buff_Append
                0x10048594       0x12 ./assembly\libbluenrg1_stack.a(mem_buff.o)
                0x10048594                Mem_Buff_Append
 i.Mem_Buff_Block_Copy
                0x100485a6       0x48 ./assembly\libbluenrg1_stack.a(mem_buff.o)
                0x100485a6                Mem_Buff_Block_Copy
 i.Mem_Buff_Block_Write
                0x100485ee       0x56 ./assembly\libbluenrg1_stack.a(mem_buff.o)
                0x100485ee                Mem_Buff_Block_Write
 i.Mem_Buff_Clone
                0x10048644       0x32 ./assembly\libbluenrg1_stack.a(mem_buff.o)
                0x10048644                Mem_Buff_Clone
 i.Mem_Buff_Cmp
                0x10048676       0x78 ./assembly\libbluenrg1_stack.a(mem_buff.o)
                0x10048676                Mem_Buff_Cmp
 i.Mem_Buff_Compact
                0x100486ee       0xba ./assembly\libbluenrg1_stack.a(mem_buff.o)
                0x100486ee                Mem_Buff_Compact
 i.Mem_Buff_Get
                0x100487a8       0x2e ./assembly\libbluenrg1_stack.a(mem_buff.o)
                0x100487a8                Mem_Buff_Get
 i.Mem_Buff_Get_Chain_Count
                0x100487d6       0x14 ./assembly\libbluenrg1_stack.a(mem_buff.o)
                0x100487d6                Mem_Buff_Get_Chain_Count
 i.Mem_Buff_Get_Chain_Size
                0x100487ea       0x14 ./assembly\libbluenrg1_stack.a(mem_buff.o)
                0x100487ea                Mem_Buff_Get_Chain_Size
 i.Mem_Buff_Init
                0x100487fe       0x6a ./assembly\libbluenrg1_stack.a(mem_buff.o)
                0x100487fe                Mem_Buff_Init
 i.Mem_Buff_Read
                0x10048868       0x62 ./assembly\libbluenrg1_stack.a(mem_buff.o)
                0x10048868                Mem_Buff_Read
 i.Mem_Buff_Release
                0x100488ca       0x36 ./assembly\libbluenrg1_stack.a(mem_buff.o)
                0x100488ca                Mem_Buff_Release
 i.Mem_Buff_Resize
                0x10048900       0x8e ./assembly\libbluenrg1_stack.a(mem_buff.o)
                0x10048900                Mem_Buff_Resize
 i.Mem_Buff_Write
                0x1004898e       0x68 ./assembly\libbluenrg1_stack.a(mem_buff.o)
                0x1004898e                Mem_Buff_Write
 *fill*         0x100489f6        0x2 
 i.adapt_slot   0x100489f8      0x260 ./assembly\libbluenrg1_stack.a(multi_master_time.o)
 i.advance_slave_timing_MultiSlave
                0x10048c58      0x2cc ./assembly\libbluenrg1_stack.a(multi_master_time.o)
                0x10048c58                advance_slave_timing_MultiSlave
 i.cancel_current_master
                0x10048f24      0x1a8 ./assembly\libbluenrg1_stack.a(multi_master_time.o)
                0x10048f24                cancel_current_master
 i.get_advertiser
                0x100490cc       0x48 ./assembly\libbluenrg1_stack.a(multi_master_time.o)
                0x100490cc                get_advertiser
 i.get_connection_no
                0x10049114       0x88 ./assembly\libbluenrg1_stack.a(multi_master_time.o)
                0x10049114                get_connection_no
 i.get_next_free_slot
                0x1004919c       0x34 ./assembly\libbluenrg1_stack.a(multi_master_time.o)
                0x1004919c                get_next_free_slot
 i.get_scan_connection
                0x100491d0       0x48 ./assembly\libbluenrg1_stack.a(multi_master_time.o)
                0x100491d0                get_scan_connection
 i.is_slave     0x10049218       0x34 ./assembly\libbluenrg1_stack.a(multi_master_time.o)
                0x10049218                is_slave
 i.nsar_init    0x1004924c       0x18 ./assembly\libbluenrg1_stack.a(multi_master_time.o)
                0x1004924c                nsar_init
 i.nsar_insertSlotListEntry
                0x10049264       0x1c ./assembly\libbluenrg1_stack.a(multi_master_time.o)
 i.nsar_searchBestFreeSlot
                0x10049280       0xc0 ./assembly\libbluenrg1_stack.a(multi_master_time.o)
 i.nsar_updateBestFreeSlot
                0x10049340       0x22 ./assembly\libbluenrg1_stack.a(multi_master_time.o)
 *fill*         0x10049362        0x2 
 i.nsar_updateSlotListEntry
                0x10049364       0x6c ./assembly\libbluenrg1_stack.a(multi_master_time.o)
 i.schedule_advertise_slot
                0x100493d0       0xb0 ./assembly\libbluenrg1_stack.a(multi_master_time.o)
                0x100493d0                schedule_advertise_slot
 i.start_timebase
                0x10049480       0xd0 ./assembly\libbluenrg1_stack.a(multi_master_time.o)
                0x10049480                start_timebase
 i.swap_u16     0x10049550        0xa ./assembly\libbluenrg1_stack.a(multi_master_time.o)
 *fill*         0x1004955a        0x2 
 i.timebase_start_connect
                0x1004955c       0x38 ./assembly\libbluenrg1_stack.a(multi_master_time.o)
                0x1004955c                timebase_start_connect
 i.Flash_Write_Flagged
                0x10049594       0x3c ./assembly\libbluenrg1_stack.a(nvm.o)
                0x10049594                Flash_Write_Flagged
 i.Is_Flash_Write_On_Going
                0x100495d0       0x10 ./assembly\libbluenrg1_stack.a(nvm.o)
                0x100495d0                Is_Flash_Write_On_Going
 i.PM_Check_And_Set
                0x100495e0       0x50 ./assembly\libbluenrg1_stack.a(pm.o)
 i.PM_Clone_Pckt
                0x10049630       0x22 ./assembly\libbluenrg1_stack.a(pm.o)
                0x10049630                PM_Clone_Pckt
 *fill*         0x10049652        0x2 
 i.PM_Compact   0x10049654       0x54 ./assembly\libbluenrg1_stack.a(pm.o)
                0x10049654                PM_Compact
 i.PM_Copy_Pckt_Data
                0x100496a8       0x12 ./assembly\libbluenrg1_stack.a(pm.o)
                0x100496a8                PM_Copy_Pckt_Data
 *fill*         0x100496ba        0x2 
 i.PM_Eng_Config
                0x100496bc       0x18 ./assembly\libbluenrg1_stack.a(pm.o)
                0x100496bc                PM_Eng_Config
 i.PM_Extract_Pdu_MBuff
                0x100496d4        0xc ./assembly\libbluenrg1_stack.a(pm.o)
                0x100496d4                PM_Extract_Pdu_MBuff
 i.PM_Get_Available_Buffer
                0x100496e0       0x3c ./assembly\libbluenrg1_stack.a(pm.o)
                0x100496e0                PM_Get_Available_Buffer
 i.PM_Get_Mem_Buff_Count
                0x1004971c        0xa ./assembly\libbluenrg1_stack.a(pm.o)
                0x1004971c                PM_Get_Mem_Buff_Count
 *fill*         0x10049726        0x2 
 i.PM_Get_Pckt  0x10049728       0x44 ./assembly\libbluenrg1_stack.a(pm.o)
                0x10049728                PM_Get_Pckt
 i.PM_Init      0x1004976c       0x68 ./assembly\libbluenrg1_stack.a(pm.o)
                0x1004976c                PM_Init
 i.PM_Pckt_Cmp  0x100497d4        0xa ./assembly\libbluenrg1_stack.a(pm.o)
                0x100497d4                PM_Pckt_Cmp
 *fill*         0x100497de        0x2 
 i.PM_Release_Acl_Pckt
                0x100497e0       0x3c ./assembly\libbluenrg1_stack.a(pm.o)
                0x100497e0                PM_Release_Acl_Pckt
 i.PM_Resize_Pckt_Pdu_Size
                0x1004981c       0x6c ./assembly\libbluenrg1_stack.a(pm.o)
                0x1004981c                PM_Resize_Pckt_Pdu_Size
 i.PM_Write_Pckt_Data
                0x10049888       0x12 ./assembly\libbluenrg1_stack.a(pm.o)
                0x10049888                PM_Write_Pckt_Data
 i.Accu_Handles_Requiring_Auth
                0x1004989a       0x6e ./assembly\libbluenrg1_stack.a(rom_att.o)
                0x1004989a                Accu_Handles_Requiring_Auth
 i.Accu_UuidTypes_Requiring_Auth
                0x10049908       0xea ./assembly\libbluenrg1_stack.a(rom_att.o)
                0x10049908                Accu_UuidTypes_Requiring_Auth
 *fill*         0x100499f2        0x2 
 i.GAP_Privacy1v2
                0x100499f4      0x1e0 ./assembly\libbluenrg1_stack.a(rom_gap.o)
                0x100499f4                GAP_Privacy1v2
 i.GAP_PrivateAddrTimercb
                0x10049bd4       0x48 ./assembly\libbluenrg1_stack.a(rom_gap.o)
                0x10049bd4                GAP_PrivateAddrTimercb
 i.GapIsPrivacySupported
                0x10049c1c       0x14 ./assembly\libbluenrg1_stack.a(rom_gap.o)
                0x10049c1c                GapIsPrivacySupported
 i.Generate_Non_Resolvable_Private_Address
                0x10049c30       0x88 ./assembly\libbluenrg1_stack.a(rom_gap.o)
                0x10049c30                Generate_Non_Resolvable_Private_Address
 i.GAP_Notify_Add_Charac
                0x10049cb8       0x70 ./assembly\libbluenrg1_stack.a(rom_gap_rom.o)
                0x10049cb8                GAP_Notify_Add_Charac
 i.GAP_Update_Adv_Data
                0x10049d28       0xce ./assembly\libbluenrg1_stack.a(rom_gap_rom.o)
                0x10049d28                GAP_Update_Adv_Data
 *fill*         0x10049df6        0x2 
 i.Get_GAP_Handle
                0x10049df8       0x10 ./assembly\libbluenrg1_stack.a(rom_gap_rom.o)
                0x10049df8                Get_GAP_Handle
 i.Get_StaticRandAddr
                0x10049e08       0x14 ./assembly\libbluenrg1_stack.a(rom_gap_rom.o)
                0x10049e08                Get_StaticRandAddr
 i.Check_Encry_Key_Size
                0x10049e1c       0x18 ./assembly\libbluenrg1_stack.a(rom_gatt_server.o)
                0x10049e1c                Check_Encry_Key_Size
 i.GATT_Num_Charac_Present
                0x10049e34       0x3a ./assembly\libbluenrg1_stack.a(rom_gatt_server.o)
                0x10049e34                GATT_Num_Charac_Present
 *fill*         0x10049e6e        0x2 
 i.Start_Gatt_Timer
                0x10049e70       0x24 ./assembly\libbluenrg1_stack.a(rom_gatt_server.o)
                0x10049e70                Start_Gatt_Timer
 i.Stop_Gatt_Timer
                0x10049e94       0x1c ./assembly\libbluenrg1_stack.a(rom_gatt_server.o)
                0x10049e94                Stop_Gatt_Timer
 i.List_Circular_Get_Size
                0x10049eb0       0x14 ./assembly\libbluenrg1_stack.a(rom_list.o)
                0x10049eb0                List_Circular_Get_Size
 i.List_Circular_Insert_Tail
                0x10049ec4        0xe ./assembly\libbluenrg1_stack.a(rom_list.o)
                0x10049ec4                List_Circular_Insert_Tail
 i.List_Circular_Node_Present
                0x10049ed2       0x16 ./assembly\libbluenrg1_stack.a(rom_list.o)
                0x10049ed2                List_Circular_Node_Present
 i.List_Circular_Remove_Head
                0x10049ee8       0x1a ./assembly\libbluenrg1_stack.a(rom_list.o)
                0x10049ee8                List_Circular_Remove_Head
 i.List_Circular_Remove_Node
                0x10049f02       0x20 ./assembly\libbluenrg1_stack.a(rom_list.o)
                0x10049f02                List_Circular_Remove_Node
 *fill*         0x10049f22        0x2 
 i.isr_postproc1
                0x10049f24      0x110 ./assembly\libbluenrg1_stack.a(rom_ll_isr_postproc.o)
                0x10049f24                isr_postproc1
 i.isr_postproc_encrypt_data
                0x1004a034       0x16 ./assembly\libbluenrg1_stack.a(rom_ll_isr_postproc.o)
                0x1004a034                isr_postproc_encrypt_data
 i.wait_for_aes_ready
                0x1004a04a       0x24 ./assembly\libbluenrg1_stack.a(rom_ll_isr_postproc.o)
 *fill*         0x1004a06e        0x2 
 i.LL_update_proc
                0x1004a070       0x98 ./assembly\libbluenrg1_stack.a(rom_ll_isr_routines.o)
                0x1004a070                LL_update_proc
 i.addr_u32_from_u8
                0x1004a108       0x1e ./assembly\libbluenrg1_stack.a(rom_ll_isr_routines.o)
 i.cancel_connect_master_ucfg
                0x1004a126        0x4 ./assembly\libbluenrg1_stack.a(rom_ll_isr_routines.o)
                0x1004a126                cancel_connect_master_ucfg
 *fill*         0x1004a12a        0x2 
 i.cancel_master
                0x1004a12c       0x7c ./assembly\libbluenrg1_stack.a(rom_ll_isr_routines.o)
                0x1004a12c                cancel_master
 i.get_adv_addr
                0x1004a1a8       0x14 ./assembly\libbluenrg1_stack.a(rom_ll_isr_routines.o)
                0x1004a1a8                get_adv_addr
 i.get_scan_addr
                0x1004a1bc       0x14 ./assembly\libbluenrg1_stack.a(rom_ll_isr_routines.o)
                0x1004a1bc                get_scan_addr
 i.go_to_connect
                0x1004a1d0      0x298 ./assembly\libbluenrg1_stack.a(rom_ll_isr_routines.o)
                0x1004a1d0                go_to_connect
 i.le2ByteToInt16
                0x1004a468        0xa ./assembly\libbluenrg1_stack.a(rom_ll_isr_routines.o)
 i.le4ByteToInt32
                0x1004a472       0x16 ./assembly\libbluenrg1_stack.a(rom_ll_isr_routines.o)
 i.unpack_channel_map
                0x1004a488       0x2e ./assembly\libbluenrg1_stack.a(rom_ll_isr_routines.o)
                0x1004a488                unpack_channel_map
 i.unpack_update_request
                0x1004a4b6       0x48 ./assembly\libbluenrg1_stack.a(rom_ll_isr_routines.o)
                0x1004a4b6                unpack_update_request
 i.Is_Address_Initialized
                0x1004a4fe       0x18 ./assembly\libbluenrg1_stack.a(rom_ll_ll_routines.o)
                0x1004a4fe                Is_Address_Initialized
 i.LL_Allow_Address_Setting
                0x1004a516       0x42 ./assembly\libbluenrg1_stack.a(rom_ll_ll_routines.o)
                0x1004a516                LL_Allow_Address_Setting
 i.LL_Check_And_Set_Addresses
                0x1004a558      0x1fc ./assembly\libbluenrg1_stack.a(rom_ll_ll_routines.o)
                0x1004a558                LL_Check_And_Set_Addresses
 i.LL_Enable_Disable_Adv
                0x1004a754      0x21c ./assembly\libbluenrg1_stack.a(rom_ll_ll_routines.o)
                0x1004a754                LL_Enable_Disable_Adv
 i.LL_Get_Address
                0x1004a970       0x2c ./assembly\libbluenrg1_stack.a(rom_ll_ll_routines.o)
                0x1004a970                LL_Get_Address
 i.LL_Get_AdvAddress
                0x1004a99c       0x40 ./assembly\libbluenrg1_stack.a(rom_ll_ll_routines.o)
                0x1004a99c                LL_Get_AdvAddress
 i.LL_Get_Adv_Data
                0x1004a9dc       0x38 ./assembly\libbluenrg1_stack.a(rom_ll_ll_routines.o)
                0x1004a9dc                LL_Get_Adv_Data
 i.LL_Get_ScanAddress
                0x1004aa14       0x40 ./assembly\libbluenrg1_stack.a(rom_ll_ll_routines.o)
                0x1004aa14                LL_Get_ScanAddress
 i.LL_Init      0x1004aa54      0x18c ./assembly\libbluenrg1_stack.a(rom_ll_ll_routines.o)
                0x1004aa54                LL_Init
 i.LL_Send_ACL_Data
                0x1004abe0       0x50 ./assembly\libbluenrg1_stack.a(rom_ll_ll_routines.o)
                0x1004abe0                LL_Send_ACL_Data
 i.LL_Set_Adv_Data
                0x1004ac30       0x78 ./assembly\libbluenrg1_stack.a(rom_ll_ll_routines.o)
                0x1004ac30                LL_Set_Adv_Data
 i.LL_Set_Adv_PDU_Format
                0x1004aca8       0xcc ./assembly\libbluenrg1_stack.a(rom_ll_ll_routines.o)
                0x1004aca8                LL_Set_Adv_PDU_Format
 i.LL_Set_Adv_Params
                0x1004ad74      0x14c ./assembly\libbluenrg1_stack.a(rom_ll_ll_routines.o)
                0x1004ad74                LL_Set_Adv_Params
 i.LL_Set_Advertising_Buffers
                0x1004aec0       0x88 ./assembly\libbluenrg1_stack.a(rom_ll_ll_routines.o)
                0x1004aec0                LL_Set_Advertising_Buffers
 i.LL_Set_DirectAddress
                0x1004af48       0x38 ./assembly\libbluenrg1_stack.a(rom_ll_ll_routines.o)
 i.LL_Set_OwnAddress
                0x1004af80       0x24 ./assembly\libbluenrg1_stack.a(rom_ll_ll_routines.o)
                0x1004af80                LL_Set_OwnAddress
 i.LL_Set_Scan_Resp_Data
                0x1004afa4       0x5c ./assembly\libbluenrg1_stack.a(rom_ll_ll_routines.o)
                0x1004afa4                LL_Set_Scan_Resp_Data
 i.LL_Update_Advertising_Buffers
                0x1004b000       0x48 ./assembly\libbluenrg1_stack.a(rom_ll_ll_routines.o)
                0x1004b000                LL_Update_Advertising_Buffers
 i.LL_Update_Scanning_Initiating_Buffers
                0x1004b048       0x48 ./assembly\libbluenrg1_stack.a(rom_ll_ll_routines.o)
                0x1004b048                LL_Update_Scanning_Initiating_Buffers
 i.addr_u32_from_u8
                0x1004b090       0x20 ./assembly\libbluenrg1_stack.a(rom_ll_ll_routines.o)
 i.int32ToLe4Byte
                0x1004b0b0       0x10 ./assembly\libbluenrg1_stack.a(rom_ll_ll_routines.o)
 i.le4ByteToInt32
                0x1004b0c0       0x16 ./assembly\libbluenrg1_stack.a(rom_ll_ll_routines.o)
 *fill*         0x1004b0d6        0x2 
 i.wait_for_prescheduled_slot_cancellation
                0x1004b0d8       0x7c ./assembly\libbluenrg1_stack.a(rom_ll_ll_routines.o)
 i.Blue_Set_Radio_Config_Data
                0x1004b154       0x24 ./assembly\libbluenrg1_stack.a(rom_ll_routines_support.o)
                0x1004b154                Blue_Set_Radio_Config_Data
 i.LL_Get_Adv_Tx_Power_Level
                0x1004b178       0x18 ./assembly\libbluenrg1_stack.a(rom_ll_routines_support.o)
                0x1004b178                LL_Get_Adv_Tx_Power_Level
 i.convert_power
                0x1004b190       0x24 ./assembly\libbluenrg1_stack.a(rom_ll_routines_support.o)
 i.modulo_37    0x1004b1b4       0x1c ./assembly\libbluenrg1_stack.a(rom_ll_routines_support.o)
                0x1004b1b4                modulo_37
 i.WindowWiden1
                0x1004b1d0        0xa ./assembly\libbluenrg1_stack.a(rom_ll_timehandling.o)
                0x1004b1d0                WindowWiden1
 i.WindowWiden2
                0x1004b1da       0x10 ./assembly\libbluenrg1_stack.a(rom_ll_timehandling.o)
                0x1004b1da                WindowWiden2
 *fill*         0x1004b1ea        0x2 
 i.machine_time_trans
                0x1004b1ec       0x20 ./assembly\libbluenrg1_stack.a(rom_ll_timehandling.o)
                0x1004b1ec                machine_time_trans
 i.set_freq     0x1004b20c       0x88 ./assembly\libbluenrg1_stack.a(rom_ll_timehandling.o)
                0x1004b20c                set_freq
 i.set_sca      0x1004b294       0x1c ./assembly\libbluenrg1_stack.a(rom_ll_timehandling.o)
                0x1004b294                set_sca
 i.system_time_trans
                0x1004b2b0       0x10 ./assembly\libbluenrg1_stack.a(rom_ll_timehandling.o)
                0x1004b2b0                system_time_trans
 i.system_time_trans_ext
                0x1004b2c0       0x30 ./assembly\libbluenrg1_stack.a(rom_ll_timehandling.o)
                0x1004b2c0                system_time_trans_ext
 i.time_offset1
                0x1004b2f0        0xe ./assembly\libbluenrg1_stack.a(rom_ll_timehandling.o)
                0x1004b2f0                time_offset1
 *fill*         0x1004b2fe        0x2 
 i.time_offset2
                0x1004b300       0x10 ./assembly\libbluenrg1_stack.a(rom_ll_timehandling.o)
                0x1004b300                time_offset2
 i.Blue_Init_Global
                0x1004b310       0x98 ./assembly\libbluenrg1_stack.a(routines_support.o)
                0x1004b310                Blue_Init_Global
 i.advance_transmit
                0x1004b3a8      0x158 ./assembly\libbluenrg1_stack.a(routines_support.o)
                0x1004b3a8                advance_transmit
 i.microseconds_to_machine_time
                0x1004b500        0x8 ./assembly\libbluenrg1_stack.a(routines_support.o)
                0x1004b500                microseconds_to_machine_time
 i.slave_advance
                0x1004b508      0x200 ./assembly\libbluenrg1_stack.a(routines_support.o)
                0x1004b508                slave_advance
 i.swap_slaves  0x1004b708      0x13c ./assembly\libbluenrg1_stack.a(routines_support.o)
                0x1004b708                swap_slaves
 i.swap_u16     0x1004b844        0xa ./assembly\libbluenrg1_stack.a(routines_support.o)
 i.swap_u32     0x1004b84e        0xa ./assembly\libbluenrg1_stack.a(routines_support.o)
 i.swap_u8      0x1004b858        0xa ./assembly\libbluenrg1_stack.a(routines_support.o)
 i.Erase_Sector
                0x1004b862        0xe ./assembly\libbluenrg1_stack.a(sdb.o)
 i.SDB_Add_Record
                0x1004b870      0x184 ./assembly\libbluenrg1_stack.a(sdb.o)
                0x1004b870                SDB_Add_Record
 i.SDB_Find_Matching_LTK
                0x1004b9f4       0xa0 ./assembly\libbluenrg1_stack.a(sdb.o)
                0x1004b9f4                SDB_Find_Matching_LTK
 i.SDB_Find_Record
                0x1004ba94       0xc4 ./assembly\libbluenrg1_stack.a(sdb.o)
                0x1004ba94                SDB_Find_Record
 i.SDB_Get_Number_Of_Valid_Records
                0x1004bb58       0x44 ./assembly\libbluenrg1_stack.a(sdb.o)
                0x1004bb58                SDB_Get_Number_Of_Valid_Records
 i.SDB_flash_write_client_data
                0x1004bb9c       0xb8 ./assembly\libbluenrg1_stack.a(sdb.o)
                0x1004bb9c                SDB_flash_write_client_data
 i.SDB_get_security_data_record
                0x1004bc54       0xd8 ./assembly\libbluenrg1_stack.a(sdb.o)
                0x1004bc54                SDB_get_security_data_record
 i.SDB_read_peer_bonded_data
                0x1004bd2c       0x3c ./assembly\libbluenrg1_stack.a(sdb.o)
                0x1004bd2c                SDB_read_peer_bonded_data
 i.Write_Client_Data
                0x1004bd68      0x1b0 ./assembly\libbluenrg1_stack.a(sdb.o)
 i.int32ToLe4Byte
                0x1004bf18       0x10 ./assembly\libbluenrg1_stack.a(sdb.o)
 i.sdb_delete   0x1004bf28      0x164 ./assembly\libbluenrg1_stack.a(sdb.o)
 i.sdb_find_client_data
                0x1004c08c       0xc8 ./assembly\libbluenrg1_stack.a(sdb.o)
 i.sdb_get_gatt_db_start_address
                0x1004c154       0x18 ./assembly\libbluenrg1_stack.a(sdb.o)
 i.sdb_invalidate_record
                0x1004c16c       0x20 ./assembly\libbluenrg1_stack.a(sdb.o)
 i.sdb_read_record
                0x1004c18c       0x24 ./assembly\libbluenrg1_stack.a(sdb.o)
 i.sdb_read_record_validity
                0x1004c1b0       0x10 ./assembly\libbluenrg1_stack.a(sdb.o)
 i.sdb_write_record
                0x1004c1c0       0x7c ./assembly\libbluenrg1_stack.a(sdb.o)
 i.SMP_Process_Q
                0x1004c23c      0x19c ./assembly\libbluenrg1_stack.a(securitymgr.o)
                0x1004c23c                SMP_Process_Q
 i.int32ToLe4Byte
                0x1004c3d8       0x10 ./assembly\libbluenrg1_stack.a(securitymgr.o)
 i.smp_Build_AuthReq_Field
                0x1004c3e8       0x18 ./assembly\libbluenrg1_stack.a(securitymgr.o)
 i.smp_Build_Pairing_ReqResp_Packet
                0x1004c400       0x38 ./assembly\libbluenrg1_stack.a(securitymgr.o)
 i.smp_Check_Incoming_Pairing_Parameters
                0x1004c438       0x34 ./assembly\libbluenrg1_stack.a(securitymgr.o)
 i.smp_Determine_Key_Association_Method
                0x1004c46c       0x9c ./assembly\libbluenrg1_stack.a(securitymgr.o)
 i.smp_Execute_Actions_wrt_Current_State
                0x1004c508      0x18c ./assembly\libbluenrg1_stack.a(securitymgr.o)
 i.smp_Execute_Actions_wrt_Current_State_MI_excerpt_ucfg
                0x1004c694        0x2 ./assembly\libbluenrg1_stack.a(securitymgr.o)
                0x1004c694                smp_Execute_Actions_wrt_Current_State_MI_excerpt_ucfg
 i.smp_Execute_Actions_wrt_Current_State_sc_excerpt_phase2as2_ucfg
                0x1004c696        0x2 ./assembly\libbluenrg1_stack.a(securitymgr.o)
                0x1004c696                smp_Execute_Actions_wrt_Current_State_sc_excerpt_phase2as2_ucfg
 i.smp_Execute_Actions_wrt_Current_State_sc_excerpt_phase_1_to_2_ucfg
                0x1004c698        0x4 ./assembly\libbluenrg1_stack.a(securitymgr.o)
                0x1004c698                smp_Execute_Actions_wrt_Current_State_sc_excerpt_phase_1_to_2_ucfg
 i.smp_Get_Long_Term_Key
                0x1004c69c       0x80 ./assembly\libbluenrg1_stack.a(securitymgr.o)
 i.smp_Get_Pairing_Parameters_From_Peer_Packet
                0x1004c71c       0x88 ./assembly\libbluenrg1_stack.a(securitymgr.o)
 i.smp_Keys_Distribution_Send
                0x1004c7a4      0x11c ./assembly\libbluenrg1_stack.a(securitymgr.o)
 i.smp_LP_SR_Compute_c1_Confirm_Value
                0x1004c8c0      0x150 ./assembly\libbluenrg1_stack.a(securitymgr.o)
 i.smp_MI_Start_Encryption_ucfg
                0x1004ca10        0x4 ./assembly\libbluenrg1_stack.a(securitymgr.o)
                0x1004ca10                smp_MI_Start_Encryption_ucfg
 i.smp_Process_Rx_Packet_Exception_Cases_sc_excerpt_ucfg
                0x1004ca14        0x4 ./assembly\libbluenrg1_stack.a(securitymgr.o)
                0x1004ca14                smp_Process_Rx_Packet_Exception_Cases_sc_excerpt_ucfg
 i.smp_Process_Rx_Packet_wrt_Current_State
                0x1004ca18      0x130 ./assembly\libbluenrg1_stack.a(securitymgr.o)
 i.smp_Process_Rx_Packet_wrt_Current_State_MI_excerpt_ucfg
                0x1004cb48        0x4 ./assembly\libbluenrg1_stack.a(securitymgr.o)
                0x1004cb48                smp_Process_Rx_Packet_wrt_Current_State_MI_excerpt_ucfg
 i.smp_Process_Rx_Packet_wrt_Current_State_sc_excerpt_ucfg
                0x1004cb4c        0x4 ./assembly\libbluenrg1_stack.a(securitymgr.o)
                0x1004cb4c                smp_Process_Rx_Packet_wrt_Current_State_sc_excerpt_ucfg
 i.smp_Set_Key_Association_Method
                0x1004cb50       0x78 ./assembly\libbluenrg1_stack.a(securitymgr.o)
 i.smp____SR_PairingConfirm_Receive
                0x1004cbc8       0x7a ./assembly\libbluenrg1_stack.a(securitymgr.o)
 *fill*         0x1004cc42        0x2 
 i.smp____SR_PairingRandom_Receive
                0x1004cc44      0x120 ./assembly\libbluenrg1_stack.a(securitymgr.o)
 i.smp____SR_PairingRequest_Receive
                0x1004cd64      0x17c ./assembly\libbluenrg1_stack.a(securitymgr.o)
 i.smp_sc_SR_PairingConfirm_Receive_sc_excerpt_ucfg
                0x1004cee0        0x2 ./assembly\libbluenrg1_stack.a(securitymgr.o)
                0x1004cee0                smp_sc_SR_PairingConfirm_Receive_sc_excerpt_ucfg
 i.smp_sc_SR_PairingRandom_Receive_sc_excerpt_ucfg
                0x1004cee2        0x2 ./assembly\libbluenrg1_stack.a(securitymgr.o)
                0x1004cee2                smp_sc_SR_PairingRandom_Receive_sc_excerpt_ucfg
 i.smp_sc_SR_Pairing_Phase_2AS1_Start_sc_excerpt_ucfg
                0x1004cee4        0x2 ./assembly\libbluenrg1_stack.a(securitymgr.o)
                0x1004cee4                smp_sc_SR_Pairing_Phase_2AS1_Start_sc_excerpt_ucfg
 *fill*         0x1004cee6        0x2 
 i.smp_send_packet
                0x1004cee8       0x38 ./assembly\libbluenrg1_stack.a(securitymgr.o)
                0x1004cee8                smp_send_packet
 i.SMA_Diversify
                0x1004cf20       0x28 ./assembly\libbluenrg1_stack.a(smp_algo_sap.o)
                0x1004cf20                SMA_Diversify
 i.SMA_Generate_CSRK
                0x1004cf48       0x28 ./assembly\libbluenrg1_stack.a(smp_algo_sap.o)
                0x1004cf48                SMA_Generate_CSRK
 i.SMA_Generate_IRK
                0x1004cf70       0x28 ./assembly\libbluenrg1_stack.a(smp_algo_sap.o)
                0x1004cf70                SMA_Generate_IRK
 i.SMA_LP_s1_Generate_STK
                0x1004cf98       0x26 ./assembly\libbluenrg1_stack.a(smp_algo_sap.o)
                0x1004cf98                SMA_LP_s1_Generate_STK
 *fill*         0x1004cfbe        0x2 
 i.SMA_generate_EDIV_recovery_DIV
                0x1004cfc0       0x74 ./assembly\libbluenrg1_stack.a(smp_algo_sap.o)
                0x1004cfc0                SMA_generate_EDIV_recovery_DIV
 i.SM_Generate_Resolvable_Private_Address
                0x1004d034       0x4e ./assembly\libbluenrg1_stack.a(smp_algo_sap.o)
                0x1004d034                SM_Generate_Resolvable_Private_Address
 i.SM_Resolve_Private_Address
                0x1004d082       0x22 ./assembly\libbluenrg1_stack.a(smp_algo_sap.o)
                0x1004d082                SM_Resolve_Private_Address
 i.sma_CMAC_generate_tag
                0x1004d0a4       0xc6 ./assembly\libbluenrg1_stack.a(smp_algo_sap.o)
                0x1004d0a4                sma_CMAC_generate_tag
 i.sma_Calculate_Hash
                0x1004d16a       0x36 ./assembly\libbluenrg1_stack.a(smp_algo_sap.o)
 i.sma_generate_subkeys
                0x1004d1a0       0x7e ./assembly\libbluenrg1_stack.a(smp_algo_sap.o)
 i.sma_left_shift
                0x1004d21e       0x2c ./assembly\libbluenrg1_stack.a(smp_algo_sap.o)
 *fill*         0x1004d24a        0x2 
 i.SMP_Init     0x1004d24c       0x3c ./assembly\libbluenrg1_stack.a(smp_common.o)
                0x1004d24c                SMP_Init
 i.SMP_Protocol_Timer_cb
                0x1004d288       0x44 ./assembly\libbluenrg1_stack.a(smp_common.o)
                0x1004d288                SMP_Protocol_Timer_cb
 i.SMP_acl_data_hndl
                0x1004d2cc       0xf8 ./assembly\libbluenrg1_stack.a(smp_common.o)
                0x1004d2cc                SMP_acl_data_hndl
 i.SMP_check_encryption_key_size
                0x1004d3c4       0x20 ./assembly\libbluenrg1_stack.a(smp_common.o)
                0x1004d3c4                SMP_check_encryption_key_size
 i.SMP_check_is_device_bonded
                0x1004d3e4       0x48 ./assembly\libbluenrg1_stack.a(smp_common.o)
                0x1004d3e4                SMP_check_is_device_bonded
 i.SMP_connection_complete_handler
                0x1004d42c       0x94 ./assembly\libbluenrg1_stack.a(smp_common.o)
 i.SMP_forget_device_by_conn_handle
                0x1004d4c0       0x1c ./assembly\libbluenrg1_stack.a(smp_common.o)
                0x1004d4c0                SMP_forget_device_by_conn_handle
 i.SMP_get_link_status
                0x1004d4dc       0x2e ./assembly\libbluenrg1_stack.a(smp_common.o)
                0x1004d4dc                SMP_get_link_status
 *fill*         0x1004d50a        0x2 
 i.SMP_get_remote_device_list_item
                0x1004d50c       0x4c ./assembly\libbluenrg1_stack.a(smp_common.o)
                0x1004d50c                SMP_get_remote_device_list_item
 i.SMP_hci_disconnection_complete_evt_hndl
                0x1004d558       0x40 ./assembly\libbluenrg1_stack.a(smp_common.o)
                0x1004d558                SMP_hci_disconnection_complete_evt_hndl
 i.SMP_hci_encryption_change_evt_hndl
                0x1004d598      0x120 ./assembly\libbluenrg1_stack.a(smp_common.o)
                0x1004d598                SMP_hci_encryption_change_evt_hndl
 i.SMP_hci_le_connection_complete_evt_hndl
                0x1004d6b8       0x2e ./assembly\libbluenrg1_stack.a(smp_common.o)
                0x1004d6b8                SMP_hci_le_connection_complete_evt_hndl
 i.SMP_hci_le_enhanced_connection_complete_evt_hndl
                0x1004d6e6       0x52 ./assembly\libbluenrg1_stack.a(smp_common.o)
                0x1004d6e6                SMP_hci_le_enhanced_connection_complete_evt_hndl
 i.SMP_hci_le_long_term_key_request_evt_hndl
                0x1004d738       0x38 ./assembly\libbluenrg1_stack.a(smp_common.o)
                0x1004d738                SMP_hci_le_long_term_key_request_evt_hndl
 i.SMP_repeated_attacks_timer_cb
                0x1004d770       0x78 ./assembly\libbluenrg1_stack.a(smp_common.o)
                0x1004d770                SMP_repeated_attacks_timer_cb
 i.SMP_reset_timer
                0x1004d7e8       0x40 ./assembly\libbluenrg1_stack.a(smp_common.o)
                0x1004d7e8                SMP_reset_timer
 i.SMP_validate_signed_packet
                0x1004d828       0x7a ./assembly\libbluenrg1_stack.a(smp_common.o)
                0x1004d828                SMP_validate_signed_packet
 *fill*         0x1004d8a2        0x2 
 i.aci_gap_authorization_req_event_push
                0x1004d8a4       0x54 ./assembly\libbluenrg1_stack.a(smp_common.o)
 i.aci_gap_pairing_complete_event_push
                0x1004d8f8       0x5c ./assembly\libbluenrg1_stack.a(smp_common.o)
 i.smp_Keys_Distribution_Complete
                0x1004d954       0x32 ./assembly\libbluenrg1_stack.a(smp_common.o)
 *fill*         0x1004d986        0x2 
 i.smp_add_pairing_record_to_bonding_database
                0x1004d988      0x148 ./assembly\libbluenrg1_stack.a(smp_common.o)
                0x1004d988                smp_add_pairing_record_to_bonding_database
 i.smp_find_remote_device_index
                0x1004dad0       0x44 ./assembly\libbluenrg1_stack.a(smp_common.o)
                0x1004dad0                smp_find_remote_device_index
 i.smp_flush_rx_queues
                0x1004db14       0x38 ./assembly\libbluenrg1_stack.a(smp_common.o)
 i.smp_get_CSRK
                0x1004db4c       0x1e ./assembly\libbluenrg1_stack.a(smp_common.o)
                0x1004db4c                smp_get_CSRK
 *fill*         0x1004db6a        0x2 
 i.smp_get_local_identity_address
                0x1004db6c       0x3c ./assembly\libbluenrg1_stack.a(smp_common.o)
                0x1004db6c                smp_get_local_identity_address
 i.smp_keys_distribution_start
                0x1004dba8       0x38 ./assembly\libbluenrg1_stack.a(smp_common.o)
                0x1004dba8                smp_keys_distribution_start
 i.smp_keys_receiving
                0x1004dbe0       0xd6 ./assembly\libbluenrg1_stack.a(smp_common.o)
                0x1004dbe0                smp_keys_receiving
 *fill*         0x1004dcb6        0x2 
 i.smp_oob_check_is_remote_data_present
                0x1004dcb8       0x3c ./assembly\libbluenrg1_stack.a(smp_common.o)
                0x1004dcb8                smp_oob_check_is_remote_data_present
 i.smp_pairing_2octets_packet_send
                0x1004dcf4       0x34 ./assembly\libbluenrg1_stack.a(smp_common.o)
                0x1004dcf4                smp_pairing_2octets_packet_send
 i.smp_pairing_completed
                0x1004dd28       0x78 ./assembly\libbluenrg1_stack.a(smp_common.o)
                0x1004dd28                smp_pairing_completed
 i.smp_pairing_failed_receive
                0x1004dda0       0x10 ./assembly\libbluenrg1_stack.a(smp_common.o)
                0x1004dda0                smp_pairing_failed_receive
 i.smp_pairing_failed_send
                0x1004ddb0       0x2a ./assembly\libbluenrg1_stack.a(smp_common.o)
                0x1004ddb0                smp_pairing_failed_send
 *fill*         0x1004ddda        0x2 
 i.smp_pairing_process_abort
                0x1004dddc       0x64 ./assembly\libbluenrg1_stack.a(smp_common.o)
 i.smp_repeated_attacks_protection
                0x1004de40       0xf0 ./assembly\libbluenrg1_stack.a(smp_common.o)
                0x1004de40                smp_repeated_attacks_protection
 i.smp_update_statistics_on_pairing_complete
                0x1004df30       0x38 ./assembly\libbluenrg1_stack.a(smp_common.o)
 i.smp_sc_check_for_ecc_pk_generation_request_ucfg
                0x1004df68        0x2 ./assembly\libbluenrg1_stack.a(smp_scv42_caf.o)
                0x1004df68                smp_sc_check_for_ecc_pk_generation_request_ucfg
 i.smp_sc_continue_on_exclusive_sc_pairing_ucfg
                0x1004df6a        0x4 ./assembly\libbluenrg1_stack.a(smp_scv42_caf.o)
                0x1004df6a                smp_sc_continue_on_exclusive_sc_pairing_ucfg
 i.smp_sc_init_ucfg
                0x1004df6e        0x2 ./assembly\libbluenrg1_stack.a(smp_scv42_caf.o)
                0x1004df6e                smp_sc_init_ucfg
 i.smp_sc_is_another_sc_pairing_ongoing
                0x1004df70       0x40 ./assembly\libbluenrg1_stack.a(smp_scv42_caf.o)
                0x1004df70                smp_sc_is_another_sc_pairing_ongoing
 i.smp_sc_update_statistics_on_pairing_complete_ucfg
                0x1004dfb0        0x2 ./assembly\libbluenrg1_stack.a(smp_scv42_caf.o)
                0x1004dfb0                smp_sc_update_statistics_on_pairing_complete_ucfg
 i.SMP_sc_force_debug_key_usage
                0x1004dfb2       0x22 ./assembly\libbluenrg1_stack.a(smp_scv42_sap.o)
                0x1004dfb2                SMP_sc_force_debug_key_usage
 i.secure_connections_csr_ucfg
                0x1004dfd4        0x4 ./assembly\libbluenrg1_stack.a(smp_scv42_sap.o)
                0x1004dfd4                secure_connections_csr_ucfg
 i.smp_sc_hci_le_generate_dhkey_complete_evt_hndl_ucfg
                0x1004dfd8        0x2 ./assembly\libbluenrg1_stack.a(smp_scv42_sap.o)
                0x1004dfd8                smp_sc_hci_le_generate_dhkey_complete_evt_hndl_ucfg
 i.smp_sc_hci_le_read_local_p256_public_key_complete_evt_hndl_ucfg
                0x1004dfda        0x2 ./assembly\libbluenrg1_stack.a(smp_scv42_sap.o)
                0x1004dfda                smp_sc_hci_le_read_local_p256_public_key_complete_evt_hndl_ucfg
 i.Delay_With_NOP_Cycles
                0x1004dfdc        0xe ./assembly\libbluenrg1_stack.a(utils.o)
                0x1004dfdc                Delay_With_NOP_Cycles
 i.is_Buffer_All_Set_To
                0x1004dfea       0x1e ./assembly\libbluenrg1_stack.a(utils.o)
                0x1004dfea                is_Buffer_All_Set_To
 i.Events_Process_Q
                0x1004e008      0x10c ./assembly\libbluenrg1_stack.a(aci_events.o)
                0x1004e008                Events_Process_Q
 i.Events_Process_init
                0x1004e114       0x4c ./assembly\libbluenrg1_stack.a(aci_events.o)
                0x1004e114                Events_Process_init
 i.aci_att_exchange_mtu_resp_event
                0x1004e160        0x2 ./assembly\libbluenrg1_stack.a(aci_events.o)
                0x1004e160                aci_att_exchange_mtu_resp_event
 i.aci_att_exec_write_resp_event
                0x1004e162        0x2 ./assembly\libbluenrg1_stack.a(aci_events.o)
                0x1004e162                aci_att_exec_write_resp_event
 i.aci_att_find_by_type_value_resp_event
                0x1004e164        0x2 ./assembly\libbluenrg1_stack.a(aci_events.o)
                0x1004e164                aci_att_find_by_type_value_resp_event
 i.aci_att_find_info_resp_event
                0x1004e166        0x2 ./assembly\libbluenrg1_stack.a(aci_events.o)
                0x1004e166                aci_att_find_info_resp_event
 i.aci_att_prepare_write_resp_event
                0x1004e168        0x2 ./assembly\libbluenrg1_stack.a(aci_events.o)
                0x1004e168                aci_att_prepare_write_resp_event
 i.aci_att_read_blob_resp_event
                0x1004e16a        0x2 ./assembly\libbluenrg1_stack.a(aci_events.o)
                0x1004e16a                aci_att_read_blob_resp_event
 i.aci_att_read_by_group_type_resp_event
                0x1004e16c        0x2 ./assembly\libbluenrg1_stack.a(aci_events.o)
                0x1004e16c                aci_att_read_by_group_type_resp_event
 i.aci_att_read_by_type_resp_event
                0x1004e16e        0x2 ./assembly\libbluenrg1_stack.a(aci_events.o)
                0x1004e16e                aci_att_read_by_type_resp_event
 i.aci_att_read_multiple_resp_event
                0x1004e170        0x2 ./assembly\libbluenrg1_stack.a(aci_events.o)
                0x1004e170                aci_att_read_multiple_resp_event
 i.aci_att_read_resp_event
                0x1004e172        0x2 ./assembly\libbluenrg1_stack.a(aci_events.o)
                0x1004e172                aci_att_read_resp_event
 i.aci_att_write_resp_event
                0x1004e174        0x2 ./assembly\libbluenrg1_stack.a(aci_events.o)